Archive member included because of file (symbol)

c:/freescale/kds_2.0.0/toolchain/bin/../lib/gcc/arm-none-eabi/4.8.0/../../../../arm-none-eabi/lib/m4/fp/v4-sp-d16\libm.a(lib_a-sf_floor.o)
                              ./Sources/main.o (floorf)
c:/freescale/kds_2.0.0/toolchain/bin/../lib/gcc/arm-none-eabi/4.8.0/m4/fp/v4-sp-d16\libgcc.a(_arm_addsubdf3.o)
                              ./Sources/main.o (__aeabi_i2d)
c:/freescale/kds_2.0.0/toolchain/bin/../lib/gcc/arm-none-eabi/4.8.0/m4/fp/v4-sp-d16\libgcc.a(_arm_muldivdf3.o)
                              ./Sources/main.o (__aeabi_ddiv)
c:/freescale/kds_2.0.0/toolchain/bin/../lib/gcc/arm-none-eabi/4.8.0/m4/fp/v4-sp-d16\libgcc.a(_arm_truncdfsf2.o)
                              ./Sources/main.o (__aeabi_d2f)
c:/freescale/kds_2.0.0/toolchain/bin/../lib/gcc/arm-none-eabi/4.8.0/../../../../arm-none-eabi/lib/m4/fp/v4-sp-d16\libg_s.a(lib_a-atexit.o)
                              c:/freescale/kds_2.0.0/toolchain/bin/../lib/gcc/arm-none-eabi/4.8.0/../../../../arm-none-eabi/lib/m4/fp/v4-sp-d16/crt0.o (atexit)
c:/freescale/kds_2.0.0/toolchain/bin/../lib/gcc/arm-none-eabi/4.8.0/../../../../arm-none-eabi/lib/m4/fp/v4-sp-d16\libg_s.a(lib_a-exit.o)
                              c:/freescale/kds_2.0.0/toolchain/bin/../lib/gcc/arm-none-eabi/4.8.0/../../../../arm-none-eabi/lib/m4/fp/v4-sp-d16/crt0.o (exit)
c:/freescale/kds_2.0.0/toolchain/bin/../lib/gcc/arm-none-eabi/4.8.0/../../../../arm-none-eabi/lib/m4/fp/v4-sp-d16\libg_s.a(lib_a-fini.o)
                              c:/freescale/kds_2.0.0/toolchain/bin/../lib/gcc/arm-none-eabi/4.8.0/../../../../arm-none-eabi/lib/m4/fp/v4-sp-d16\libg_s.a(lib_a-exit.o) (__libc_fini_array)
c:/freescale/kds_2.0.0/toolchain/bin/../lib/gcc/arm-none-eabi/4.8.0/../../../../arm-none-eabi/lib/m4/fp/v4-sp-d16\libg_s.a(lib_a-impure.o)
                              c:/freescale/kds_2.0.0/toolchain/bin/../lib/gcc/arm-none-eabi/4.8.0/../../../../arm-none-eabi/lib/m4/fp/v4-sp-d16\libg_s.a(lib_a-exit.o) (_global_impure_ptr)
c:/freescale/kds_2.0.0/toolchain/bin/../lib/gcc/arm-none-eabi/4.8.0/../../../../arm-none-eabi/lib/m4/fp/v4-sp-d16\libg_s.a(lib_a-memcpy.o)
                              ./Generated_Code/PDC1.o (memcpy)
c:/freescale/kds_2.0.0/toolchain/bin/../lib/gcc/arm-none-eabi/4.8.0/../../../../arm-none-eabi/lib/m4/fp/v4-sp-d16\libg_s.a(lib_a-memset.o)
                              c:/freescale/kds_2.0.0/toolchain/bin/../lib/gcc/arm-none-eabi/4.8.0/../../../../arm-none-eabi/lib/m4/fp/v4-sp-d16/crt0.o (memset)
c:/freescale/kds_2.0.0/toolchain/bin/../lib/gcc/arm-none-eabi/4.8.0/../../../../arm-none-eabi/lib/m4/fp/v4-sp-d16\libg_s.a(lib_a-sprintf.o)
                              ./Sources/main.o (sprintf)
c:/freescale/kds_2.0.0/toolchain/bin/../lib/gcc/arm-none-eabi/4.8.0/../../../../arm-none-eabi/lib/m4/fp/v4-sp-d16\libg_s.a(lib_a-svfprintf.o)
                              c:/freescale/kds_2.0.0/toolchain/bin/../lib/gcc/arm-none-eabi/4.8.0/../../../../arm-none-eabi/lib/m4/fp/v4-sp-d16\libg_s.a(lib_a-sprintf.o) (_svfprintf_r)
c:/freescale/kds_2.0.0/toolchain/bin/../lib/gcc/arm-none-eabi/4.8.0/../../../../arm-none-eabi/lib/m4/fp/v4-sp-d16\libg_s.a(lib_a-syscalls.o)
                              c:/freescale/kds_2.0.0/toolchain/bin/../lib/gcc/arm-none-eabi/4.8.0/../../../../arm-none-eabi/lib/m4/fp/v4-sp-d16\libg_s.a(lib_a-exit.o) (_exit)
c:/freescale/kds_2.0.0/toolchain/bin/../lib/gcc/arm-none-eabi/4.8.0/../../../../arm-none-eabi/lib/m4/fp/v4-sp-d16\libg_s.a(lib_a-vfprintf_i.o)
                              c:/freescale/kds_2.0.0/toolchain/bin/../lib/gcc/arm-none-eabi/4.8.0/../../../../arm-none-eabi/lib/m4/fp/v4-sp-d16\libg_s.a(lib_a-svfprintf.o) (_printf_i)
c:/freescale/kds_2.0.0/toolchain/bin/../lib/gcc/arm-none-eabi/4.8.0/../../../../arm-none-eabi/lib/m4/fp/v4-sp-d16\libg_s.a(lib_a-__atexit.o)
                              c:/freescale/kds_2.0.0/toolchain/bin/../lib/gcc/arm-none-eabi/4.8.0/../../../../arm-none-eabi/lib/m4/fp/v4-sp-d16\libg_s.a(lib_a-atexit.o) (__do_register_exitproc)
c:/freescale/kds_2.0.0/toolchain/bin/../lib/gcc/arm-none-eabi/4.8.0/../../../../arm-none-eabi/lib/m4/fp/v4-sp-d16\libg_s.a(lib_a-__call_atexit.o)
                              c:/freescale/kds_2.0.0/toolchain/bin/../lib/gcc/arm-none-eabi/4.8.0/../../../../arm-none-eabi/lib/m4/fp/v4-sp-d16\libg_s.a(lib_a-__atexit.o) (__call_exitprocs)
c:/freescale/kds_2.0.0/toolchain/bin/../lib/gcc/arm-none-eabi/4.8.0/../../../../arm-none-eabi/lib/m4/fp/v4-sp-d16\libg_s.a(lib_a-errno.o)
                              c:/freescale/kds_2.0.0/toolchain/bin/../lib/gcc/arm-none-eabi/4.8.0/../../../../arm-none-eabi/lib/m4/fp/v4-sp-d16\libg_s.a(lib_a-syscalls.o) (__errno)
c:/freescale/kds_2.0.0/toolchain/bin/../lib/gcc/arm-none-eabi/4.8.0/../../../../arm-none-eabi/lib/m4/fp/v4-sp-d16\libg_s.a(lib_a-freer.o)
[...]
Memory Configuration

Name             Origin             Length             Attributes
m_interrupts     0x00000000         0x00000198         xr
m_text           0x00000410         0x000ffbf0         xr
m_data_1FFF0000  0x1fff0000         0x00010000         rw
m_data           0x20000000         0x00030000         rw
m_cfmprotrom     0x00000400         0x00000010         xr
*default*        0x00000000         0xffffffff

Linker script and memory map

LOAD c:/freescale/kds_2.0.0/toolchain/bin/../lib/gcc/arm-none-eabi/4.8.0/m4/fp/v4-sp-d16/crti.o
LOAD c:/freescale/kds_2.0.0/toolchain/bin/../lib/gcc/arm-none-eabi/4.8.0/m4/fp/v4-sp-d16/crtbegin.o
LOAD c:/freescale/kds_2.0.0/toolchain/bin/../lib/gcc/arm-none-eabi/4.8.0/../../../../arm-none-eabi/lib/m4/fp/v4-sp-d16/crt0.o
LOAD ./Static_Code/System/CPU_Init.o
LOAD ./Static_Code/System/Peripherals_Init.o
LOAD ./Static_Code/System/Vectors.o
LOAD ./Sources/Events.o
LOAD ./Sources/main.o
LOAD ./Project_Settings/Startup_Code/startup.o
LOAD ./Generated_Code/AD1.o
LOAD ./Generated_Code/AD2.o
LOAD ./Generated_Code/AdcLdd1.o
LOAD ./Generated_Code/AdcLdd2.o
LOAD ./Generated_Code/BitIoLdd1.o
LOAD ./Generated_Code/BitIoLdd2.o
LOAD ./Generated_Code/BitIoLdd3.o
LOAD ./Generated_Code/Cpu.o
LOAD ./Generated_Code/D_Cpin1.o
LOAD ./Generated_Code/ENC_PB.o
LOAD ./Generated_Code/ENC_SW_1.o
LOAD ./Generated_Code/ENC_SW_2.o
LOAD ./Generated_Code/ExtIntLdd1.o
LOAD ./Generated_Code/ExtIntLdd2.o
LOAD ./Generated_Code/ExtIntLdd3.o
LOAD ./Generated_Code/PDC1.o
LOAD ./Generated_Code/PE_LDD.o
LOAD ./Generated_Code/RESpin1.o
LOAD ./Generated_Code/SCEpin1.o
LOAD ./Generated_Code/SM1.o
LOAD ./Generated_Code/TI1_SW.o
LOAD ./Generated_Code/TU1.o
LOAD ./Generated_Code/TimerIntLdd1.o
LOAD ./Generated_Code/WAIT1.o
LOAD ./Generated_Code/bLED.o
LOAD ./Generated_Code/gLED.o
LOAD ./Generated_Code/rLED.o
LOAD ./cloudy.o
LOAD ./dftba.o
LOAD ./pizza.o
LOAD ./pizza_.o
LOAD ./pizza_john.o
LOAD ./xkcd_image.o
LOAD c:/freescale/kds_2.0.0/toolchain/bin/../lib/gcc/arm-none-eabi/4.8.0/../../../../arm-none-eabi/lib/m4/fp/v4-sp-d16\libstdc++.a
LOAD c:/freescale/kds_2.0.0/toolchain/bin/../lib/gcc/arm-none-eabi/4.8.0/../../../../arm-none-eabi/lib/m4/fp/v4-sp-d16\libm.a
START GROUP
LOAD c:/freescale/kds_2.0.0/toolchain/bin/../lib/gcc/arm-none-eabi/4.8.0/m4/fp/v4-sp-d16\libgcc.a
LOAD c:/freescale/kds_2.0.0/toolchain/bin/../lib/gcc/arm-none-eabi/4.8.0/../../../../arm-none-eabi/lib/m4/fp/v4-sp-d16\libg_s.a
LOAD c:/freescale/kds_2.0.0/toolchain/bin/../lib/gcc/arm-none-eabi/4.8.0/../../../../arm-none-eabi/lib/m4/fp/v4-sp-d16\libc_s.a
END GROUP
LOAD c:/freescale/kds_2.0.0/toolchain/bin/../lib/gcc/arm-none-eabi/4.8.0/m4/fp/v4-sp-d16/crtend.o
LOAD c:/freescale/kds_2.0.0/toolchain/bin/../lib/gcc/arm-none-eabi/4.8.0/m4/fp/v4-sp-d16/crtn.o
                0x20030000                _estack = 0x20030000
                0x20030000                __SP_INIT = _estack
                0x00000000                __heap_size = 0x0
                0x00000400                __stack_size = 0x400

.interrupts     0x00000000      0x198
                0x00000000                __vector_table = .
                0x00000000                . = ALIGN (0x4)
 *(.vectortable)
 .vectortable   0x00000000      0x198 ./Static_Code/System/Vectors.o
                0x00000000                __vect_table
                0x00000198                . = ALIGN (0x4)

.cfmprotect     0x00000400       0x10
                0x00000400                . = ALIGN (0x4)
 *(.cfmconfig)
 .cfmconfig     0x00000400       0x10 ./Static_Code/System/CPU_Init.o
                0x00000400                _cfm
                0x00000410                . = ALIGN (0x4)

.text           0x00000410     0x525c
                0x00000410                . = ALIGN (0x4)
 *(.text)
 .text          0x00000410      0x370 c:/freescale/kds_2.0.0/toolchain/bin/../lib/gcc/arm-none-eabi/4.8.0/m4/fp/v4-sp-d16\libgcc.a(_arm_addsubdf3.o)
                0x00000410                __aeabi_drsub
                0x00000418                __aeabi_dsub
                0x00000418                __subdf3
                0x0000041c                __aeabi_dadd
                0x0000041c                __adddf3
                0x00000694                __floatunsidf
                0x00000694                __aeabi_ui2d
                0x000006b4                __floatsidf
                0x000006b4                __aeabi_i2d
                0x000006d8                __aeabi_f2d
                0x000006d8                __extendsfdf2
                0x00000714                __floatundidf
                0x00000714                __aeabi_ul2d
                0x00000724                __floatdidf
                0x00000724                __aeabi_l2d
 .text          0x00000780      0x424 c:/freescale/kds_2.0.0/toolchain/bin/../lib/gcc/arm-none-eabi/4.8.0/m4/fp/v4-sp-d16\libgcc.a(_arm_muldivdf3.o)
                0x00000780                __aeabi_dmul
                0x00000780                __muldf3
                0x000009d4                __divdf3
                0x000009d4                __aeabi_ddiv
 .text          0x00000ba4       0xa0 c:/freescale/kds_2.0.0/toolchain/bin/../lib/gcc/arm-none-eabi/4.8.0/m4/fp/v4-sp-d16\libgcc.a(_arm_truncdfsf2.o)
                0x00000ba4                __truncdfsf2
                0x00000ba4                __aeabi_d2f
 *(.text*)
 .text.deregister_tm_clones
                0x00000c44       0x20 c:/freescale/kds_2.0.0/toolchain/bin/../lib/gcc/arm-none-eabi/4.8.0/m4/fp/v4-sp-d16/crtbegin.o
 .text.register_tm_clones
                0x00000c64       0x28 c:/freescale/kds_2.0.0/toolchain/bin/../lib/gcc/arm-none-eabi/4.8.0/m4/fp/v4-sp-d16/crtbegin.o
 .text.__do_global_dtors_aux
                0x00000c8c       0x2c c:/freescale/kds_2.0.0/toolchain/bin/../lib/gcc/arm-none-eabi/4.8.0/m4/fp/v4-sp-d16/crtbegin.o
 .text.frame_dummy
                0x00000cb8       0x38 c:/freescale/kds_2.0.0/toolchain/bin/../lib/gcc/arm-none-eabi/4.8.0/m4/fp/v4-sp-d16/crtbegin.o
 .text.CPU_SetBASEPRI
                0x00000cf0       0x18 ./Static_Code/System/CPU_Init.o
                0x00000cf0                CPU_SetBASEPRI
 .text.__init_hardware
                0x00000d08       0xb4 ./Static_Code/System/CPU_Init.o
                0x00000d08                __init_hardware
 .text.PE_low_level_init
                0x00000dbc       0x60 ./Static_Code/System/CPU_Init.o
                0x00000dbc                PE_low_level_init
 .text.CPU_GetClockGenMode
                0x00000e1c       0xb0 ./Static_Code/System/CPU_Init.o
                0x00000e1c                CPU_GetClockGenMode
 .text.CPU_SetClockConfigGenMode
                0x00000ecc      0x7b4 ./Static_Code/System/CPU_Init.o
                0x00000ecc                CPU_SetClockConfigGenMode
 .text.UnhandledInterrupt
                0x00001680       0x18 ./Static_Code/System/Vectors.o
                0x00001680                UnhandledInterrupt
 .text.Cpu_OnNMI
                0x00001698        0xc ./Sources/Events.o
                0x00001698                Cpu_OnNMI
 .text.SM1_OnBlockSent
                0x000016a4       0x14 ./Sources/Events.o
                0x000016a4                SM1_OnBlockSent
 .text.ENC_SW_2_OnInterrupt
                0x000016b8      0x178 ./Sources/Events.o
                0x000016b8                ENC_SW_2_OnInterrupt
 .text.ENC_SW_1_OnInterrupt
                0x00001830      0x178 ./Sources/Events.o
                0x00001830                ENC_SW_1_OnInterrupt
 .text.ENC_PB_OnInterrupt
                0x000019a8       0x18 ./Sources/Events.o
                0x000019a8                ENC_PB_OnInterrupt
 .text.TI1_SW_OnInterrupt
                0x000019c0       0x18 ./Sources/Events.o
                0x000019c0                TI1_SW_OnInterrupt
 .text.AD1_OnEnd
                0x000019d8       0x18 ./Sources/Events.o
                0x000019d8                AD1_OnEnd
 .text.AD1_OnCalibrationEnd
                0x000019f0        0xc ./Sources/Events.o
                0x000019f0                AD1_OnCalibrationEnd
 .text.AD2_OnEnd
                0x000019fc       0x18 ./Sources/Events.o
                0x000019fc                AD2_OnEnd
 .text.AD2_OnCalibrationEnd
                0x00001a14        0xc ./Sources/Events.o
                0x00001a14                AD2_OnCalibrationEnd
 .text.main     0x00001a20      0x528 ./Sources/main.o
                0x00001a20                main
 .text.__flush_cache
                0x00001f48       0x14 ./Project_Settings/Startup_Code/startup.o
                0x00001f48                __flush_cache
 .text.__copy_rom_section
                0x00001f5c       0xe4 ./Project_Settings/Startup_Code/startup.o
                0x00001f5c                __copy_rom_section
 .text.__copy_rom_sections_to_ram
                0x00002040       0xf8 ./Project_Settings/Startup_Code/startup.o
                0x00002040                __copy_rom_sections_to_ram
 .text.zero_fill_bss
                0x00002138       0xbc ./Project_Settings/Startup_Code/startup.o
 .text.__init_registers
                0x000021f4       0x20 ./Project_Settings/Startup_Code/startup.o
                0x000021f4                __init_registers
 .text.__init_user
                0x00002214        0xc ./Project_Settings/Startup_Code/startup.o
                0x00002214                __init_user
 .text.__thumb_startup
                0x00002220       0x50 ./Project_Settings/Startup_Code/startup.o
                0x00002220                __thumb_startup
 .text.AD1_HWEnDi
                0x00002270       0x58 ./Generated_Code/AD1.o
                0x00002270                AD1_HWEnDi
 .text.AD1_Measure
                0x000022c8       0x50 ./Generated_Code/AD1.o
                0x000022c8                AD1_Measure
 .text.AD1_GetValue16
                0x00002318       0x3c ./Generated_Code/AD1.o
                0x00002318                AD1_GetValue16
 .text.AdcLdd1_OnMeasurementComplete
                0x00002354       0x74 ./Generated_Code/AD1.o
                0x00002354                AdcLdd1_OnMeasurementComplete
 .text.AD1_Init
                0x000023c8       0x30 ./Generated_Code/AD1.o
                0x000023c8                AD1_Init
 .text.AD2_HWEnDi
                0x000023f8       0x58 ./Generated_Code/AD2.o
                0x000023f8                AD2_HWEnDi
 .text.AD2_Measure
                0x00002450       0x50 ./Generated_Code/AD2.o
                0x00002450                AD2_Measure
 .text.AD2_GetValue16
                0x000024a0       0x3c ./Generated_Code/AD2.o
                0x000024a0                AD2_GetValue16
 .text.AdcLdd2_OnMeasurementComplete
                0x000024dc       0x74 ./Generated_Code/AD2.o
                0x000024dc                AdcLdd2_OnMeasurementComplete
 .text.AD2_Init
                0x00002550       0x30 ./Generated_Code/AD2.o
                0x00002550                AD2_Init
 .text.AdcLdd1_Init
                0x00002580      0x150 ./Generated_Code/AdcLdd1.o
                0x00002580                AdcLdd1_Init
 .text.AdcLdd1_StartSingleMeasurement
                0x000026d0       0x6c ./Generated_Code/AdcLdd1.o
                0x000026d0                AdcLdd1_StartSingleMeasurement
 .text.AdcLdd1_CreateSampleGroup
                0x0000273c       0x64 ./Generated_Code/AdcLdd1.o
                0x0000273c                AdcLdd1_CreateSampleGroup
 .text.AdcLdd1_GetMeasuredValues
                0x000027a0       0x50 ./Generated_Code/AdcLdd1.o
                0x000027a0                AdcLdd1_GetMeasuredValues
 .text.AdcLdd1_GetCalibrationResultStatus
                0x000027f0      0x110 ./Generated_Code/AdcLdd1.o
                0x000027f0                AdcLdd1_GetCalibrationResultStatus
 .text.AdcLdd1_MeasurementCompleteInterrupt
                0x00002900       0x40 ./Generated_Code/AdcLdd1.o
                0x00002900                AdcLdd1_MeasurementCompleteInterrupt
 .text.AdcLdd2_Init
                0x00002940      0x14c ./Generated_Code/AdcLdd2.o
                0x00002940                AdcLdd2_Init
 .text.AdcLdd2_StartSingleMeasurement
                0x00002a8c       0x6c ./Generated_Code/AdcLdd2.o
                0x00002a8c                AdcLdd2_StartSingleMeasurement
 .text.AdcLdd2_CreateSampleGroup
                0x00002af8       0x64 ./Generated_Code/AdcLdd2.o
                0x00002af8                AdcLdd2_CreateSampleGroup
 .text.AdcLdd2_GetMeasuredValues
                0x00002b5c       0x50 ./Generated_Code/AdcLdd2.o
                0x00002b5c                AdcLdd2_GetMeasuredValues
 .text.AdcLdd2_GetCalibrationResultStatus
                0x00002bac      0x110 ./Generated_Code/AdcLdd2.o
                0x00002bac                AdcLdd2_GetCalibrationResultStatus
 .text.AdcLdd2_MeasurementCompleteInterrupt
                0x00002cbc       0x40 ./Generated_Code/AdcLdd2.o
                0x00002cbc                AdcLdd2_MeasurementCompleteInterrupt
 .text.BitIoLdd1_Init
                0x00002cfc       0xa8 ./Generated_Code/BitIoLdd1.o
                0x00002cfc                BitIoLdd1_Init
 .text.BitIoLdd2_Init
                0x00002da4       0xa8 ./Generated_Code/BitIoLdd2.o
                0x00002da4                BitIoLdd2_Init
 .text.BitIoLdd3_Init
                0x00002e4c       0xa8 ./Generated_Code/BitIoLdd3.o
                0x00002e4c                BitIoLdd3_Init
 .text.Components_Init
                0x00002ef4       0x44 ./Generated_Code/Cpu.o
                0x00002ef4                Components_Init
 .text.Cpu_ivINT_PORTB
                0x00002f38       0x20 ./Generated_Code/Cpu.o
                0x00002f38                Cpu_ivINT_PORTB
 .text.Cpu_INT_NMIInterrupt
                0x00002f58       0x1c ./Generated_Code/Cpu.o
                0x00002f58                Cpu_INT_NMIInterrupt
 .text.D_Cpin1_Init
                0x00002f74       0xa8 ./Generated_Code/D_Cpin1.o
                0x00002f74                D_Cpin1_Init
 .text.D_Cpin1_ClrVal
                0x0000301c       0x20 ./Generated_Code/D_Cpin1.o
                0x0000301c                D_Cpin1_ClrVal
 .text.D_Cpin1_SetVal
                0x0000303c       0x20 ./Generated_Code/D_Cpin1.o
                0x0000303c                D_Cpin1_SetVal
 .text.ExtIntLdd3_OnInterrupt
                0x0000305c       0x14 ./Generated_Code/ENC_PB.o
                0x0000305c                ExtIntLdd3_OnInterrupt
 .text.ExtIntLdd1_OnInterrupt
                0x00003070       0x14 ./Generated_Code/ENC_SW_1.o
                0x00003070                ExtIntLdd1_OnInterrupt
 .text.ExtIntLdd2_OnInterrupt
                0x00003084       0x14 ./Generated_Code/ENC_SW_2.o
                0x00003084                ExtIntLdd2_OnInterrupt
 .text.ExtIntLdd1_Init
                0x00003098       0xcc ./Generated_Code/ExtIntLdd1.o
                0x00003098                ExtIntLdd1_Init
 .text.ExtIntLdd1_Interrupt
                0x00003164       0x4c ./Generated_Code/ExtIntLdd1.o
                0x00003164                ExtIntLdd1_Interrupt
 .text.ExtIntLdd1_GetVal
                0x000031b0       0x2c ./Generated_Code/ExtIntLdd1.o
                0x000031b0                ExtIntLdd1_GetVal
 .text.ExtIntLdd2_Init
                0x000031dc       0xcc ./Generated_Code/ExtIntLdd2.o
                0x000031dc                ExtIntLdd2_Init
 .text.ExtIntLdd2_Interrupt
                0x000032a8       0x4c ./Generated_Code/ExtIntLdd2.o
                0x000032a8                ExtIntLdd2_Interrupt
 .text.ExtIntLdd2_GetVal
                0x000032f4       0x2c ./Generated_Code/ExtIntLdd2.o
                0x000032f4                ExtIntLdd2_GetVal
 .text.ExtIntLdd3_Init
                0x00003320       0xc8 ./Generated_Code/ExtIntLdd3.o
                0x00003320                ExtIntLdd3_Init
 .text.ExtIntLdd3_Interrupt
                0x000033e8       0x48 ./Generated_Code/ExtIntLdd3.o
                0x000033e8                ExtIntLdd3_Interrupt
 .text.ExtIntLdd3_GetVal
                0x00003430       0x2c ./Generated_Code/ExtIntLdd3.o
                0x00003430                ExtIntLdd3_GetVal
 .text.WriteCmd
                0x0000345c       0x9c ./Generated_Code/PDC1.o
                0x0000345c                WriteCmd
 .text.WriteData
                0x000034f8       0x9c ./Generated_Code/PDC1.o
                0x000034f8                WriteData
 .text.PDC1_SetPos
                0x00003594       0x3c ./Generated_Code/PDC1.o
                0x00003594                PDC1_SetPos
 .text.PDC1_Clear
                0x000035d0       0x30 ./Generated_Code/PDC1.o
                0x000035d0                PDC1_Clear
 .text.PDC1_ClearLine
                0x00003600       0x3c ./Generated_Code/PDC1.o
                0x00003600                PDC1_ClearLine
 .text.PDC1_Init
                0x0000363c       0xe8 ./Generated_Code/PDC1.o
                0x0000363c                PDC1_Init
 .text.PDC1_WriteChar
                0x00003724       0x80 ./Generated_Code/PDC1.o
                0x00003724                PDC1_WriteChar
 .text.PDC1_WriteString
                0x000037a4       0x28 ./Generated_Code/PDC1.o
                0x000037a4                PDC1_WriteString
 .text.PDC1_SetContrast
                0x000037cc       0x34 ./Generated_Code/PDC1.o
                0x000037cc                PDC1_SetContrast
 .text.SM1_OnBlockReceived
                0x00003800       0x20 ./Generated_Code/PDC1.o
                0x00003800                SM1_OnBlockReceived
 .text.PDC1_Splash
                0x00003820       0x94 ./Generated_Code/PDC1.o
                0x00003820                PDC1_Splash
 .text.PDC1_image
                0x000038b4       0x88 ./Generated_Code/PDC1.o
                0x000038b4                PDC1_image
 .text.PDC1_weather_image
                0x0000393c      0x224 ./Generated_Code/PDC1.o
                0x0000393c                PDC1_weather_image
 .text.DoubleNibble
                0x00003b60       0xa0 ./Generated_Code/PDC1.o
                0x00003b60                DoubleNibble
 .text.PDC1_MakeCharBigger
                0x00003c00      0x130 ./Generated_Code/PDC1.o
                0x00003c00                PDC1_MakeCharBigger
 .text.PDC1_WriteCharBigger
                0x00003d30       0xd8 ./Generated_Code/PDC1.o
                0x00003d30                PDC1_WriteCharBigger
 .text.PDC1_WriteStringBigger
                0x00003e08       0x38 ./Generated_Code/PDC1.o
                0x00003e08                PDC1_WriteStringBigger
 .text.RESpin1_Init
                0x00003e40       0xa8 ./Generated_Code/RESpin1.o
                0x00003e40                RESpin1_Init
 .text.RESpin1_ClrVal
                0x00003ee8       0x20 ./Generated_Code/RESpin1.o
                0x00003ee8                RESpin1_ClrVal
 .text.RESpin1_SetVal
                0x00003f08       0x20 ./Generated_Code/RESpin1.o
                0x00003f08                RESpin1_SetVal
 .text.SCEpin1_Init
                0x00003f28       0xa8 ./Generated_Code/SCEpin1.o
                0x00003f28                SCEpin1_Init
 .text.SCEpin1_ClrVal
                0x00003fd0       0x20 ./Generated_Code/SCEpin1.o
                0x00003fd0                SCEpin1_ClrVal
 .text.SCEpin1_SetVal
                0x00003ff0       0x20 ./Generated_Code/SCEpin1.o
                0x00003ff0                SCEpin1_SetVal
 .text.SM1_Init
                0x00004010      0x188 ./Generated_Code/SM1.o
                0x00004010                SM1_Init
 .text.SM1_ReceiveBlock
                0x00004198       0xa0 ./Generated_Code/SM1.o
                0x00004198                SM1_ReceiveBlock
 .text.SM1_SendBlock
                0x00004238       0xb8 ./Generated_Code/SM1.o
                0x00004238                SM1_SendBlock
 .text.SM1_Interrupt
                0x000042f0      0x13c ./Generated_Code/SM1.o
                0x000042f0                SM1_Interrupt
 .text.TimerIntLdd1_OnInterrupt
                0x0000442c       0x14 ./Generated_Code/TI1_SW.o
                0x0000442c                TimerIntLdd1_OnInterrupt
 .text.TU1_Init
                0x00004440      0x178 ./Generated_Code/TU1.o
                0x00004440                TU1_Init
 .text.TU1_Interrupt
                0x000045b8       0x7c ./Generated_Code/TU1.o
                0x000045b8                TU1_Interrupt
 .text.TimerIntLdd1_Init
                0x00004634       0x58 ./Generated_Code/TimerIntLdd1.o
                0x00004634                TimerIntLdd1_Init
 .text.TU1_OnCounterRestart
                0x0000468c       0x24 ./Generated_Code/TimerIntLdd1.o
                0x0000468c                TU1_OnCounterRestart
 .text.WAIT1_Wait10Cycles
                0x000046b0        0x8 ./Generated_Code/WAIT1.o
                0x000046b0                WAIT1_Wait10Cycles
 .text.WAIT1_Wait100Cycles
                0x000046b8       0x1c ./Generated_Code/WAIT1.o
                0x000046b8                WAIT1_Wait100Cycles
 .text.WAIT1_WaitCycles
                0x000046d4       0x34 ./Generated_Code/WAIT1.o
                0x000046d4                WAIT1_WaitCycles
 .text.WAIT1_WaitLongCycles
                0x00004708       0x38 ./Generated_Code/WAIT1.o
                0x00004708                WAIT1_WaitLongCycles
 .text.WAIT1_Waitms
                0x00004740       0x2c ./Generated_Code/WAIT1.o
                0x00004740                WAIT1_Waitms
 .text.floorf   0x0000476c       0x84 c:/freescale/kds_2.0.0/toolchain/bin/../lib/gcc/arm-none-eabi/4.8.0/../../../../arm-none-eabi/lib/m4/fp/v4-sp-d16\libm.a(lib_a-sf_floor.o)
                0x0000476c                floorf
 .text.memcpy   0x000047f0       0x12 c:/freescale/kds_2.0.0/toolchain/bin/../lib/gcc/arm-none-eabi/4.8.0/../../../../arm-none-eabi/lib/m4/fp/v4-sp-d16\libg_s.a(lib_a-memcpy.o)
                0x000047f0                memcpy
 *fill*         0x00004802        0x2 
 .text.sprintf  0x00004804       0x48 c:/freescale/kds_2.0.0/toolchain/bin/../lib/gcc/arm-none-eabi/4.8.0/../../../../arm-none-eabi/lib/m4/fp/v4-sp-d16\libg_s.a(lib_a-sprintf.o)
                0x00004804                siprintf
                0x00004804                sprintf
 .text.__ssputc_r
                0x0000484c       0xac c:/freescale/kds_2.0.0/toolchain/bin/../lib/gcc/arm-none-eabi/4.8.0/../../../../arm-none-eabi/lib/m4/fp/v4-sp-d16\libg_s.a(lib_a-svfprintf.o)
                0x0000484c                __ssputc_r
 .text._svfprintf_r
                0x000048f8      0x1f0 c:/freescale/kds_2.0.0/toolchain/bin/../lib/gcc/arm-none-eabi/4.8.0/../../../../arm-none-eabi/lib/m4/fp/v4-sp-d16\libg_s.a(lib_a-svfprintf.o)
                0x000048f8                _svfiprintf_r
                0x000048f8                _svfprintf_r
 .text._sbrk    0x00004ae8       0x38 c:/freescale/kds_2.0.0/toolchain/bin/../lib/gcc/arm-none-eabi/4.8.0/../../../../arm-none-eabi/lib/m4/fp/v4-sp-d16\libg_s.a(lib_a-syscalls.o)
                0x00004ae8                _sbrk
 .text._printf_common
                0x00004b20       0xe2 c:/freescale/kds_2.0.0/toolchain/bin/../lib/gcc/arm-none-eabi/4.8.0/../../../../arm-none-eabi/lib/m4/fp/v4-sp-d16\libg_s.a(lib_a-vfprintf_i.o)
                0x00004b20                _printf_common
 *fill*         0x00004c02        0x2 
 .text._printf_i
                0x00004c04      0x22c c:/freescale/kds_2.0.0/toolchain/bin/../lib/gcc/arm-none-eabi/4.8.0/../../../../arm-none-eabi/lib/m4/fp/v4-sp-d16\libg_s.a(lib_a-vfprintf_i.o)
                0x00004c04                _printf_i
 .text.__errno  0x00004e30        0xc c:/freescale/kds_2.0.0/toolchain/bin/../lib/gcc/arm-none-eabi/4.8.0/../../../../arm-none-eabi/lib/m4/fp/v4-sp-d16\libg_s.a(lib_a-errno.o)
                0x00004e30                __errno
 .text._free_r  0x00004e3c       0x88 c:/freescale/kds_2.0.0/toolchain/bin/../lib/gcc/arm-none-eabi/4.8.0/../../../../arm-none-eabi/lib/m4/fp/v4-sp-d16\libg_s.a(lib_a-freer.o)
                0x00004e3c                _free_r
 .text._malloc_r
                0x00004ec4       0x98 c:/freescale/kds_2.0.0/toolchain/bin/../lib/gcc/arm-none-eabi/4.8.0/../../../../arm-none-eabi/lib/m4/fp/v4-sp-d16\libg_s.a(lib_a-mallocr.o)
                0x00004ec4                _malloc_r
 .text.memchr   0x00004f5c       0x1e c:/freescale/kds_2.0.0/toolchain/bin/../lib/gcc/arm-none-eabi/4.8.0/../../../../arm-none-eabi/lib/m4/fp/v4-sp-d16\libg_s.a(lib_a-memchr.o)
                0x00004f5c                memchr
 .text._realloc_r
                0x00004f7a       0x4c c:/freescale/kds_2.0.0/toolchain/bin/../lib/gcc/arm-none-eabi/4.8.0/../../../../arm-none-eabi/lib/m4/fp/v4-sp-d16\libg_s.a(lib_a-reallocr.o)
                0x00004f7a                _realloc_r
 *fill*         0x00004fc6        0x2 
 .text._sbrk_r  0x00004fc8       0x20 c:/freescale/kds_2.0.0/toolchain/bin/../lib/gcc/arm-none-eabi/4.8.0/../../../../arm-none-eabi/lib/m4/fp/v4-sp-d16\libg_s.a(lib_a-sbrkr.o)
                0x00004fc8                _sbrk_r
 .text.strlen   0x00004fe8       0x10 c:/freescale/kds_2.0.0/toolchain/bin/../lib/gcc/arm-none-eabi/4.8.0/../../../../arm-none-eabi/lib/m4/fp/v4-sp-d16\libg_s.a(lib_a-strlen.o)
                0x00004fe8                strlen
 .text._malloc_usable_size_r
                0x00004ff8       0x12 c:/freescale/kds_2.0.0/toolchain/bin/../lib/gcc/arm-none-eabi/4.8.0/../../../../arm-none-eabi/lib/m4/fp/v4-sp-d16\libg_s.a(lib_a-msizer.o)
                0x00004ff8                _malloc_usable_size_r
 *(.rodata)
 *fill*         0x0000500a        0x2 
 .rodata        0x0000500c       0x54 ./Sources/main.o
 .rodata        0x00005060      0x2e0 ./Generated_Code/PDC1.o
 *(.rodata*)
 .rodata.ClockGenModeMatrix
                0x00005340       0x80 ./Static_Code/System/CPU_Init.o
 .rodata.CPU_ClockConfigDescriptors
                0x000053c0       0x1c ./Static_Code/System/CPU_Init.o
 .rodata.CPU_DefaultFEI
                0x000053dc        0x8 ./Static_Code/System/CPU_Init.o
 .rodata.CPU_DefaultFBI
                0x000053e4        0x8 ./Static_Code/System/CPU_Init.o
 .rodata.CPU_DefaultBLPI
                0x000053ec        0x8 ./Static_Code/System/CPU_Init.o
 .rodata.CPU_DefaultFEE
                0x000053f4        0x8 ./Static_Code/System/CPU_Init.o
 .rodata.CPU_DefaultFBE
                0x000053fc        0x8 ./Static_Code/System/CPU_Init.o
 .rodata.CPU_DefaultBLPE
                0x00005404        0x8 ./Static_Code/System/CPU_Init.o
 .rodata.CPU_DefaultPBE
                0x0000540c        0x8 ./Static_Code/System/CPU_Init.o
 .rodata.CPU_DefaultPEE
                0x00005414        0x8 ./Static_Code/System/CPU_Init.o
 .rodata.CPU_ClockGenModeRegs
                0x0000541c       0x20 ./Static_Code/System/CPU_Init.o
 .rodata.table  0x0000543c      0x1e0 ./Generated_Code/PDC1.o
 .rodata.str1.1
                0x0000561c        0x2 c:/freescale/kds_2.0.0/toolchain/bin/../lib/gcc/arm-none-eabi/4.8.0/../../../../arm-none-eabi/lib/m4/fp/v4-sp-d16\libg_s.a(lib_a-impure.o)
 .rodata.str1.1
                0x0000561e       0x11 c:/freescale/kds_2.0.0/toolchain/bin/../lib/gcc/arm-none-eabi/4.8.0/../../../../arm-none-eabi/lib/m4/fp/v4-sp-d16\libg_s.a(lib_a-svfprintf.o)
 .rodata.str1.1
                0x0000562f       0x22 c:/freescale/kds_2.0.0/toolchain/bin/../lib/gcc/arm-none-eabi/4.8.0/../../../../arm-none-eabi/lib/m4/fp/v4-sp-d16\libg_s.a(lib_a-vfprintf_i.o)
 *(.glue_7)
 .glue_7        0x00000000        0x0 linker stubs
 *(.glue_7t)
 .glue_7t       0x00000000        0x0 linker stubs
 *(.eh_frame)
 *fill*         0x00005651        0x3 
 .eh_frame      0x00005654        0x0 c:/freescale/kds_2.0.0/toolchain/bin/../lib/gcc/arm-none-eabi/4.8.0/m4/fp/v4-sp-d16/crtbegin.o
 *(.init)
 .init          0x00005654        0x4 c:/freescale/kds_2.0.0/toolchain/bin/../lib/gcc/arm-none-eabi/4.8.0/m4/fp/v4-sp-d16/crti.o
                0x00005654                _init
 .init          0x00005658        0x8 c:/freescale/kds_2.0.0/toolchain/bin/../lib/gcc/arm-none-eabi/4.8.0/m4/fp/v4-sp-d16/crtn.o
 *(.fini)
 .fini          0x00005660        0x4 c:/freescale/kds_2.0.0/toolchain/bin/../lib/gcc/arm-none-eabi/4.8.0/m4/fp/v4-sp-d16/crti.o
                0x00005660                _fini
 .fini          0x00005664        0x8 c:/freescale/kds_2.0.0/toolchain/bin/../lib/gcc/arm-none-eabi/4.8.0/m4/fp/v4-sp-d16/crtn.o
                0x0000566c                . = ALIGN (0x4)
                0x0000566c                _etext = .

.vfp11_veneer   0x0000566c        0x0
 .vfp11_veneer  0x00000000        0x0 linker stubs

.v4_bx          0x0000566c        0x0
 .v4_bx         0x00000000        0x0 linker stubs

.iplt           0x0000566c        0x0
 .iplt          0x00000000        0x0 c:/freescale/kds_2.0.0/toolchain/bin/../lib/gcc/arm-none-eabi/4.8.0/m4/fp/v4-sp-d16/crtbegin.o

.rel.dyn        0x0000566c        0x0
 .rel.iplt      0x00000000        0x0 c:/freescale/kds_2.0.0/toolchain/bin/../lib/gcc/arm-none-eabi/4.8.0/m4/fp/v4-sp-d16/crtbegin.o

.ARM.extab
 *(.ARM.extab* .gnu.linkonce.armextab.*)

.ARM            0x0000566c        0x0
                0x0000566c                __exidx_start = .
 *(.ARM.exidx*)
                0x0000566c                __exidx_end = .

.ctors          0x0000566c        0x0
                0x0000566c                __CTOR_LIST__ = .
 *crtbegin.o(.ctors)
 *(EXCLUDE_FILE(*crtend.o) .ctors)
 *(SORT(.ctors.*))
 *(.ctors)
                0x0000566c                __CTOR_END__ = .

.dtors          0x0000566c        0x0
                0x0000566c                __DTOR_LIST__ = .
 *crtbegin.o(.dtors)
 *(EXCLUDE_FILE(*crtend.o) .dtors)
 *(SORT(.dtors.*))
 *(.dtors)
                0x0000566c                __DTOR_END__ = .

.preinit_array  0x0000566c        0x0
                0x0000566c                PROVIDE (__preinit_array_start, .)
 *(.preinit_array*)
                0x0000566c                PROVIDE (__preinit_array_end, .)

.init_array     0x0000566c        0x4
                0x0000566c                PROVIDE (__init_array_start, .)
 *(SORT(.init_array.*))
 *(.init_array*)
 .init_array    0x0000566c        0x4 c:/freescale/kds_2.0.0/toolchain/bin/../lib/gcc/arm-none-eabi/4.8.0/m4/fp/v4-sp-d16/crtbegin.o
                0x00005670                PROVIDE (__init_array_end, .)

.fini_array     0x00005670        0x4
                0x00005670                PROVIDE (__fini_array_start, .)
 *(SORT(.fini_array.*))
 *(.fini_array*)
 .fini_array    0x00005670        0x4 c:/freescale/kds_2.0.0/toolchain/bin/../lib/gcc/arm-none-eabi/4.8.0/m4/fp/v4-sp-d16/crtbegin.o
                0x00005674                PROVIDE (__fini_array_end, .)
                0x00005674                ___ROM_AT = .

.data           0x20000000      0x2a4 load address 0x00005674
                0x20000000                . = ALIGN (0x4)
                0x20000000                _sdata = .
 *(.data)
 *(.data*)
 .data.pb       0x20000000        0x4 ./Sources/Events.o
                0x20000000                pb
 *fill*         0x20000004        0x4 
 .data.impure_data
                0x20000008      0x298 c:/freescale/kds_2.0.0/toolchain/bin/../lib/gcc/arm-none-eabi/4.8.0/../../../../arm-none-eabi/lib/m4/fp/v4-sp-d16\libg_s.a(lib_a-impure.o)
 .data._impure_ptr
                0x200002a0        0x4 c:/freescale/kds_2.0.0/toolchain/bin/../lib/gcc/arm-none-eabi/4.8.0/../../../../arm-none-eabi/lib/m4/fp/v4-sp-d16\libg_s.a(lib_a-impure.o)
                0x200002a0                _impure_ptr
                0x200002a4                . = ALIGN (0x4)
                0x200002a4                _edata = .
                0x000002a4                ___data_size = (_edata - _sdata)
                0x00005918                ___m_data_1FFF0000_ROMStart = (___ROM_AT + SIZEOF (.data))

.jcr            0x200002a4        0x0 load address 0x00005918
 .jcr           0x200002a4        0x0 c:/freescale/kds_2.0.0/toolchain/bin/../lib/gcc/arm-none-eabi/4.8.0/m4/fp/v4-sp-d16/crtbegin.o

.tm_clone_table
                0x200002a4        0x0 load address 0x00005918
 .tm_clone_table
                0x200002a4        0x0 c:/freescale/kds_2.0.0/toolchain/bin/../lib/gcc/arm-none-eabi/4.8.0/m4/fp/v4-sp-d16/crtbegin.o
 .tm_clone_table
                0x200002a4        0x0 c:/freescale/kds_2.0.0/toolchain/bin/../lib/gcc/arm-none-eabi/4.8.0/m4/fp/v4-sp-d16/crtend.o

.igot.plt       0x200002a4        0x0 load address 0x00005918
 .igot.plt      0x00000000        0x0 c:/freescale/kds_2.0.0/toolchain/bin/../lib/gcc/arm-none-eabi/4.8.0/m4/fp/v4-sp-d16/crtbegin.o

.m_data_1FFF0000
                0x1fff0000        0x0 load address 0x00005918
                0x1fff0000                . = ALIGN (0x4)
                0x1fff0000                ___m_data_1FFF0000_RAMStart = .
 *(.m_data_1FFF0000)
                0x1fff0000                ___m_data_1FFF0000_RAMEnd = .
                0x1fff0000                . = ALIGN (0x4)
                0x00000000                ___m_data_1FFF0000_ROMSize = (___m_data_1FFF0000_RAMEnd - ___m_data_1FFF0000_RAMStart)
                0x1fff0000                . = ALIGN (0x4)

.bss            0x200002a4      0x1c8 load address 0x00005918
                0x200002a4                __START_BSS = .
                0x200002a4                PROVIDE (__bss_start__, __START_BSS)
 *(.bss)
 *(.bss*)
 .bss.completed.6137
                0x200002a4        0x1 c:/freescale/kds_2.0.0/toolchain/bin/../lib/gcc/arm-none-eabi/4.8.0/m4/fp/v4-sp-d16/crtbegin.o
 *fill*         0x200002a5        0x3 
 .bss.object.6142
                0x200002a8       0x18 c:/freescale/kds_2.0.0/toolchain/bin/../lib/gcc/arm-none-eabi/4.8.0/m4/fp/v4-sp-d16/crtbegin.o
 .bss.SR_lock   0x200002c0        0x1 ./Static_Code/System/CPU_Init.o
                0x200002c0                SR_lock
 *fill*         0x200002c1        0x3 
 .bss.old_enc   0x200002c4        0x4 ./Sources/Events.o
                0x200002c4                old_enc
 .bss.t1        0x200002c8        0x1 ./Sources/Events.o
 .bss.t2        0x200002c9        0x1 ./Sources/Events.o
 *fill*         0x200002ca        0x2 
 .bss.enc       0x200002cc        0x4 ./Sources/Events.o
 .bss.counter   0x200002d0        0x4 ./Sources/Events.o
                0x200002d0                counter
 .bss.enc_write_flag
                0x200002d4        0x4 ./Sources/Events.o
                0x200002d4                enc_write_flag
 .bss.argv      0x200002d8       0x28 ./Project_Settings/Startup_Code/startup.o
 .bss.ModeFlg   0x20000300        0x1 ./Generated_Code/AD1.o
 *fill*         0x20000301        0x3 
 .bss.SampleGroup
                0x20000304        0x4 ./Generated_Code/AD1.o
 .bss.OutFlg    0x20000308        0x1 ./Generated_Code/AD1.o
 .bss.ModeFlg   0x20000309        0x1 ./Generated_Code/AD2.o
 *fill*         0x2000030a        0x2 
 .bss.SampleGroup
                0x2000030c        0x4 ./Generated_Code/AD2.o
 .bss.OutFlg    0x20000310        0x1 ./Generated_Code/AD2.o
 *fill*         0x20000311        0x3 
 .bss.DeviceDataPrv__DEFAULT_RTOS_ALLOC
                0x20000314        0x8 ./Generated_Code/AdcLdd1.o
 .bss.INT_ADC1__DEFAULT_RTOS_ISRPARAM
                0x2000031c        0x4 ./Generated_Code/AdcLdd1.o
 .bss.DeviceDataPrv__DEFAULT_RTOS_ALLOC
                0x20000320        0x8 ./Generated_Code/AdcLdd2.o
 .bss.INT_ADC0__DEFAULT_RTOS_ISRPARAM
                0x20000328        0x4 ./Generated_Code/AdcLdd2.o
 .bss.DeviceDataPrv__DEFAULT_RTOS_ALLOC
                0x2000032c        0x4 ./Generated_Code/BitIoLdd1.o
 .bss.DeviceDataPrv__DEFAULT_RTOS_ALLOC
                0x20000330        0x4 ./Generated_Code/BitIoLdd2.o
 .bss.DeviceDataPrv__DEFAULT_RTOS_ALLOC
                0x20000334        0x4 ./Generated_Code/BitIoLdd3.o
 .bss.DeviceDataPrv__DEFAULT_RTOS_ALLOC
                0x20000338        0x4 ./Generated_Code/D_Cpin1.o
 .bss.DeviceDataPrv__DEFAULT_RTOS_ALLOC
                0x2000033c        0x4 ./Generated_Code/ExtIntLdd1.o
 .bss.INT_PORTB__DEFAULT_RTOS_ISRPARAM
                0x20000340        0x4 ./Generated_Code/ExtIntLdd1.o
 .bss.DeviceDataPrv__DEFAULT_RTOS_ALLOC
                0x20000344        0x4 ./Generated_Code/ExtIntLdd2.o
 .bss.INT_PORTB__DEFAULT_RTOS_ISRPARAM
                0x20000348        0x4 ./Generated_Code/ExtIntLdd2.o
 .bss.DeviceDataPrv__DEFAULT_RTOS_ALLOC
                0x2000034c        0x4 ./Generated_Code/ExtIntLdd3.o
 .bss.INT_PORTC__DEFAULT_RTOS_ISRPARAM
                0x20000350        0x4 ./Generated_Code/ExtIntLdd3.o
 .bss.RES_DeviceData
                0x20000354        0x4 ./Generated_Code/PDC1.o
 .bss.SCE_DeviceData
                0x20000358        0x4 ./Generated_Code/PDC1.o
 .bss.D_C_DeviceData
                0x2000035c        0x4 ./Generated_Code/PDC1.o
 .bss.PDC1_DataReceivedFlag
                0x20000360        0x1 ./Generated_Code/PDC1.o
 *fill*         0x20000361        0x3 
 .bss.bigger.6543
                0x20000364       0x50 ./Generated_Code/PDC1.o
 .bss.PE_LDD_DeviceDataList
                0x200003b4       0x38 ./Generated_Code/PE_LDD.o
                0x200003b4                PE_LDD_DeviceDataList
 .bss.DeviceDataPrv__DEFAULT_RTOS_ALLOC
                0x200003ec        0x4 ./Generated_Code/RESpin1.o
 .bss.DeviceDataPrv__DEFAULT_RTOS_ALLOC
                0x200003f0        0x4 ./Generated_Code/SCEpin1.o
 .bss.DeviceDataPrv__DEFAULT_RTOS_ALLOC
                0x200003f4       0x20 ./Generated_Code/SM1.o
 .bss.INT_SPI0__DEFAULT_RTOS_ISRPARAM
                0x20000414        0x4 ./Generated_Code/SM1.o
 .bss.DeviceDataPrv__DEFAULT_RTOS_ALLOC
                0x20000418       0x10 ./Generated_Code/TU1.o
 .bss.INT_FTM0__DEFAULT_RTOS_ISRPARAM
                0x20000428        0x4 ./Generated_Code/TU1.o
 .bss.DeviceDataPrv__DEFAULT_RTOS_ALLOC
                0x2000042c        0xc ./Generated_Code/TimerIntLdd1.o
 .bss.heap_end.5175
                0x20000438        0x4 c:/freescale/kds_2.0.0/toolchain/bin/../lib/gcc/arm-none-eabi/4.8.0/../../../../arm-none-eabi/lib/m4/fp/v4-sp-d16\libg_s.a(lib_a-syscalls.o)
 .bss.__malloc_free_list
                0x2000043c        0x4 c:/freescale/kds_2.0.0/toolchain/bin/../lib/gcc/arm-none-eabi/4.8.0/../../../../arm-none-eabi/lib/m4/fp/v4-sp-d16\libg_s.a(lib_a-mallocr.o)
                0x2000043c                __malloc_free_list
 *(COMMON)
 COMMON         0x20000440        0x1 ./Static_Code/System/CPU_Init.o
                0x20000440                SR_reg
 *fill*         0x20000441        0x3 
 COMMON         0x20000444       0x14 ./Sources/Events.o
                0x20000444                adc2_flag
                0x20000448                rot
                0x2000044c                read_1
                0x20000450                adc1_flag
                0x20000454                timer_1s
 COMMON         0x20000458        0x8 ./Generated_Code/AD1.o
                0x20000458                AD1_OutV
                0x2000045c                AdcLdd1_DeviceDataPtr
 COMMON         0x20000460        0x8 ./Generated_Code/AD2.o
                0x20000460                AD2_OutV
                0x20000464                AdcLdd2_DeviceDataPtr
 COMMON         0x20000468        0x4 c:/freescale/kds_2.0.0/toolchain/bin/../lib/gcc/arm-none-eabi/4.8.0/../../../../arm-none-eabi/lib/m4/fp/v4-sp-d16\libg_s.a(lib_a-reent.o)
                0x20000468                errno
                0x2000046c                . = ALIGN (0x4)
                0x2000046c                __END_BSS = .
                0x2000046c                PROVIDE (__bss_end__, __END_BSS)
                0x00005918                _romp_at = ((___ROM_AT + SIZEOF (.data)) + SIZEOF (.m_data_1FFF0000))

.romp           0x2000046c       0x24 load address 0x00005918
                0x00005918                __S_romp = _romp_at
                0x2000046c        0x4 LONG 0x5674 ___ROM_AT
                0x20000470        0x4 LONG 0x20000000 _sdata
                0x20000474        0x4 LONG 0x2a4 ___data_size
                0x20000478        0x4 LONG 0x5918 ___m_data_1FFF0000_ROMStart
                0x2000047c        0x4 LONG 0x1fff0000 ___m_data_1FFF0000_RAMStart
                0x20000480        0x4 LONG 0x0 ___m_data_1FFF0000_ROMSize
                0x20000484        0x4 LONG 0x0
                0x20000488        0x4 LONG 0x0
                0x2000048c        0x4 LONG 0x0

._user_heap_stack
                0x20000490      0x400 load address 0x0000593c
                0x20000490                . = ALIGN (0x4)
                0x20000490                PROVIDE (end, .)
                0x20000490                PROVIDE (_end, .)
                0x20000490                __heap_addr = .
                0x20000490                __HeapBase = .
                0x20000490                . = (. + __heap_size)
                0x20000490                __HeapLimit = .
                0x20000890                . = (. + __stack_size)
 *fill*         0x20000490      0x400 
                0x20000890                . = ALIGN (0x4)

.ARM.attributes
                0x00000000       0x37
 *(.ARM.attributes)
 .ARM.attributes
                0x00000000       0x27 c:/freescale/kds_2.0.0/toolchain/bin/../lib/gcc/arm-none-eabi/4.8.0/m4/fp/v4-sp-d16/crti.o
 .ARM.attributes
                0x00000027       0x39 c:/freescale/kds_2.0.0/toolchain/bin/../lib/gcc/arm-none-eabi/4.8.0/m4/fp/v4-sp-d16/crtbegin.o
 .ARM.attributes
                0x00000060       0x39 ./Static_Code/System/CPU_Init.o
 .ARM.attributes
                0x00000099       0x39 ./Static_Code/System/Vectors.o
 .ARM.attributes
                0x000000d2       0x39 ./Sources/Events.o
 .ARM.attributes
                0x0000010b       0x39 ./Sources/main.o
 .ARM.attributes
                0x00000144       0x39 ./Project_Settings/Startup_Code/startup.o
 .ARM.attributes
                0x0000017d       0x39 ./Generated_Code/AD1.o
 .ARM.attributes
                0x000001b6       0x39 ./Generated_Code/AD2.o
 .ARM.attributes
                0x000001ef       0x39 ./Generated_Code/AdcLdd1.o
 .ARM.attributes
                0x00000228       0x39 ./Generated_Code/AdcLdd2.o
 .ARM.attributes
                0x00000261       0x39 ./Generated_Code/BitIoLdd1.o
 .ARM.attributes
                0x0000029a       0x39 ./Generated_Code/BitIoLdd2.o
 .ARM.attributes
                0x000002d3       0x39 ./Generated_Code/BitIoLdd3.o
 .ARM.attributes
                0x0000030c       0x39 ./Generated_Code/Cpu.o
 .ARM.attributes
                0x00000345       0x39 ./Generated_Code/D_Cpin1.o
 .ARM.attributes
                0x0000037e       0x39 ./Generated_Code/ENC_PB.o
 .ARM.attributes
                0x000003b7       0x39 ./Generated_Code/ENC_SW_1.o
 .ARM.attributes
                0x000003f0       0x39 ./Generated_Code/ENC_SW_2.o
 .ARM.attributes
                0x00000429       0x39 ./Generated_Code/ExtIntLdd1.o
 .ARM.attributes
                0x00000462       0x39 ./Generated_Code/ExtIntLdd2.o
 .ARM.attributes
                0x0000049b       0x39 ./Generated_Code/ExtIntLdd3.o
 .ARM.attributes
                0x000004d4       0x39 ./Generated_Code/PDC1.o
 .ARM.attributes
                0x0000050d       0x39 ./Generated_Code/PE_LDD.o
 .ARM.attributes
                0x00000546       0x39 ./Generated_Code/RESpin1.o
 .ARM.attributes
                0x0000057f       0x39 ./Generated_Code/SCEpin1.o
 .ARM.attributes
                0x000005b8       0x39 ./Generated_Code/SM1.o
 .ARM.attributes
                0x000005f1       0x39 ./Generated_Code/TI1_SW.o
 .ARM.attributes
                0x0000062a       0x39 ./Generated_Code/TU1.o
 .ARM.attributes
                0x00000663       0x39 ./Generated_Code/TimerIntLdd1.o
 .ARM.attributes
                0x0000069c       0x39 ./Generated_Code/WAIT1.o
 .ARM.attributes
                0x000006d5       0x39 c:/freescale/kds_2.0.0/toolchain/bin/../lib/gcc/arm-none-eabi/4.8.0/../../../../arm-none-eabi/lib/m4/fp/v4-sp-d16\libm.a(lib_a-sf_floor.o)
 .ARM.attributes
                0x0000070e       0x27 c:/freescale/kds_2.0.0/toolchain/bin/../lib/gcc/arm-none-eabi/4.8.0/m4/fp/v4-sp-d16\libgcc.a(_arm_addsubdf3.o)
 .ARM.attributes
                0x00000735       0x27 c:/freescale/kds_2.0.0/toolchain/bin/../lib/gcc/arm-none-eabi/4.8.0/m4/fp/v4-sp-d16\libgcc.a(_arm_muldivdf3.o)
 .ARM.attributes
                0x0000075c       0x27 c:/freescale/kds_2.0.0/toolchain/bin/../lib/gcc/arm-none-eabi/4.8.0/m4/fp/v4-sp-d16\libgcc.a(_arm_truncdfsf2.o)
 .ARM.attributes
                0x00000783       0x39 c:/freescale/kds_2.0.0/toolchain/bin/../lib/gcc/arm-none-eabi/4.8.0/../../../../arm-none-eabi/lib/m4/fp/v4-sp-d16\libg_s.a(lib_a-impure.o)
 .ARM.attributes
                0x000007bc       0x39 c:/freescale/kds_2.0.0/toolchain/bin/../lib/gcc/arm-none-eabi/4.8.0/../../../../arm-none-eabi/lib/m4/fp/v4-sp-d16\libg_s.a(lib_a-memcpy.o)
 .ARM.attributes
                0x000007f5       0x39 c:/freescale/kds_2.0.0/toolchain/bin/../lib/gcc/arm-none-eabi/4.8.0/../../../../arm-none-eabi/lib/m4/fp/v4-sp-d16\libg_s.a(lib_a-sprintf.o)
 .ARM.attributes
                0x0000082e       0x39 c:/freescale/kds_2.0.0/toolchain/bin/../lib/gcc/arm-none-eabi/4.8.0/../../../../arm-none-eabi/lib/m4/fp/v4-sp-d16\libg_s.a(lib_a-svfprintf.o)
 .ARM.attributes
                0x00000867       0x39 c:/freescale/kds_2.0.0/toolchain/bin/../lib/gcc/arm-none-eabi/4.8.0/../../../../arm-none-eabi/lib/m4/fp/v4-sp-d16\libg_s.a(lib_a-syscalls.o)
 .ARM.attributes
                0x000008a0       0x39 c:/freescale/kds_2.0.0/toolchain/bin/../lib/gcc/arm-none-eabi/4.8.0/../../../../arm-none-eabi/lib/m4/fp/v4-sp-d16\libg_s.a(lib_a-vfprintf_i.o)
 .ARM.attributes
                0x000008d9       0x39 c:/freescale/kds_2.0.0/toolchain/bin/../lib/gcc/arm-none-eabi/4.8.0/../../../../arm-none-eabi/lib/m4/fp/v4-sp-d16\libg_s.a(lib_a-errno.o)
 .ARM.attributes
                0x00000912       0x39 c:/freescale/kds_2.0.0/toolchain/bin/../lib/gcc/arm-none-eabi/4.8.0/../../../../arm-none-eabi/lib/m4/fp/v4-sp-d16\libg_s.a(lib_a-freer.o)
 .ARM.attributes
                0x0000094b       0x39 c:/freescale/kds_2.0.0/toolchain/bin/../lib/gcc/arm-none-eabi/4.8.0/../../../../arm-none-eabi/lib/m4/fp/v4-sp-d16\libg_s.a(lib_a-mallocr.o)
 .ARM.attributes
                0x00000984       0x39 c:/freescale/kds_2.0.0/toolchain/bin/../lib/gcc/arm-none-eabi/4.8.0/../../../../arm-none-eabi/lib/m4/fp/v4-sp-d16\libg_s.a(lib_a-memchr.o)
 .ARM.attributes
                0x000009bd       0x39 c:/freescale/kds_2.0.0/toolchain/bin/../lib/gcc/arm-none-eabi/4.8.0/../../../../arm-none-eabi/lib/m4/fp/v4-sp-d16\libg_s.a(lib_a-reallocr.o)
 .ARM.attributes
                0x000009f6       0x39 c:/freescale/kds_2.0.0/toolchain/bin/../lib/gcc/arm-none-eabi/4.8.0/../../../../arm-none-eabi/lib/m4/fp/v4-sp-d16\libg_s.a(lib_a-sbrkr.o)
 .ARM.attributes
                0x00000a2f       0x39 c:/freescale/kds_2.0.0/toolchain/bin/../lib/gcc/arm-none-eabi/4.8.0/../../../../arm-none-eabi/lib/m4/fp/v4-sp-d16\libg_s.a(lib_a-strlen.o)
 .ARM.attributes
                0x00000a68       0x39 c:/freescale/kds_2.0.0/toolchain/bin/../lib/gcc/arm-none-eabi/4.8.0/../../../../arm-none-eabi/lib/m4/fp/v4-sp-d16\libg_s.a(lib_a-msizer.o)
 .ARM.attributes
                0x00000aa1       0x39 c:/freescale/kds_2.0.0/toolchain/bin/../lib/gcc/arm-none-eabi/4.8.0/../../../../arm-none-eabi/lib/m4/fp/v4-sp-d16\libg_s.a(lib_a-reent.o)
 .ARM.attributes
                0x00000ada       0x39 c:/freescale/kds_2.0.0/toolchain/bin/../lib/gcc/arm-none-eabi/4.8.0/m4/fp/v4-sp-d16/crtend.o
 .ARM.attributes
                0x00000b13       0x27 c:/freescale/kds_2.0.0/toolchain/bin/../lib/gcc/arm-none-eabi/4.8.0/m4/fp/v4-sp-d16/crtn.o
OUTPUT(Lab2.elf elf32-littlearm)

.comment        0x00000000       0x2a
 .comment       0x00000000       0x2a c:/freescale/kds_2.0.0/toolchain/bin/../lib/gcc/arm-none-eabi/4.8.0/m4/fp/v4-sp-d16/crtbegin.o
                                 0x2b (size before relaxing)
 .comment       0x00000000       0x2b ./Static_Code/System/CPU_Init.o
 .comment       0x00000000       0x2b ./Static_Code/System/Vectors.o
 .comment       0x00000000       0x2b ./Sources/Events.o
 .comment       0x00000000       0x2b ./Sources/main.o
 .comment       0x00000000       0x2b ./Project_Settings/Startup_Code/startup.o
 .comment       0x00000000       0x2b ./Generated_Code/AD1.o
 .comment       0x00000000       0x2b ./Generated_Code/AD2.o
 .comment       0x00000000       0x2b ./Generated_Code/AdcLdd1.o
 .comment       0x00000000       0x2b ./Generated_Code/AdcLdd2.o
 .comment       0x00000000       0x2b ./Generated_Code/BitIoLdd1.o
 .comment       0x00000000       0x2b ./Generated_Code/BitIoLdd2.o
 .comment       0x00000000       0x2b ./Generated_Code/BitIoLdd3.o
 .comment       0x00000000       0x2b ./Generated_Code/Cpu.o
 .comment       0x00000000       0x2b ./Generated_Code/D_Cpin1.o
 .comment       0x00000000       0x2b ./Generated_Code/ENC_PB.o
 .comment       0x00000000       0x2b ./Generated_Code/ENC_SW_1.o
 .comment       0x00000000       0x2b ./Generated_Code/ENC_SW_2.o
 .comment       0x00000000       0x2b ./Generated_Code/ExtIntLdd1.o
 .comment       0x00000000       0x2b ./Generated_Code/ExtIntLdd2.o
 .comment       0x00000000       0x2b ./Generated_Code/ExtIntLdd3.o
 .comment       0x00000000       0x2b ./Generated_Code/PDC1.o
 .comment       0x00000000       0x2b ./Generated_Code/PE_LDD.o
 .comment       0x00000000       0x2b ./Generated_Code/RESpin1.o
 .comment       0x00000000       0x2b ./Generated_Code/SCEpin1.o
 .comment       0x00000000       0x2b ./Generated_Code/SM1.o
 .comment       0x00000000       0x2b ./Generated_Code/TI1_SW.o
 .comment       0x00000000       0x2b ./Generated_Code/TU1.o
 .comment       0x00000000       0x2b ./Generated_Code/TimerIntLdd1.o
 .comment       0x00000000       0x2b ./Generated_Code/WAIT1.o
 .comment       0x00000000       0x2b c:/freescale/kds_2.0.0/toolchain/bin/../lib/gcc/arm-none-eabi/4.8.0/../../../../arm-none-eabi/lib/m4/fp/v4-sp-d16\libm.a(lib_a-sf_floor.o)
 .comment       0x00000000       0x2b c:/freescale/kds_2.0.0/toolchain/bin/../lib/gcc/arm-none-eabi/4.8.0/../../../../arm-none-eabi/lib/m4/fp/v4-sp-d16\libg_s.a(lib_a-impure.o)
 .comment       0x00000000       0x2b c:/freescale/kds_2.0.0/toolchain/bin/../lib/gcc/arm-none-eabi/4.8.0/../../../../arm-none-eabi/lib/m4/fp/v4-sp-d16\libg_s.a(lib_a-memcpy.o)
 .comment       0x00000000       0x2b c:/freescale/kds_2.0.0/toolchain/bin/../lib/gcc/arm-none-eabi/4.8.0/../../../../arm-none-eabi/lib/m4/fp/v4-sp-d16\libg_s.a(lib_a-sprintf.o)
 .comment       0x00000000       0x2b c:/freescale/kds_2.0.0/toolchain/bin/../lib/gcc/arm-none-eabi/4.8.0/../../../../arm-none-eabi/lib/m4/fp/v4-sp-d16\libg_s.a(lib_a-svfprintf.o)
 .comment       0x00000000       0x2b c:/freescale/kds_2.0.0/toolchain/bin/../lib/gcc/arm-none-eabi/4.8.0/../../../../arm-none-eabi/lib/m4/fp/v4-sp-d16\libg_s.a(lib_a-syscalls.o)
 .comment       0x00000000       0x2b c:/freescale/kds_2.0.0/toolchain/bin/../lib/gcc/arm-none-eabi/4.8.0/../../../../arm-none-eabi/lib/m4/fp/v4-sp-d16\libg_s.a(lib_a-vfprintf_i.o)
 .comment       0x00000000       0x2b c:/freescale/kds_2.0.0/toolchain/bin/../lib/gcc/arm-none-eabi/4.8.0/../../../../arm-none-eabi/lib/m4/fp/v4-sp-d16\libg_s.a(lib_a-errno.o)
 .comment       0x00000000       0x2b c:/freescale/kds_2.0.0/toolchain/bin/../lib/gcc/arm-none-eabi/4.8.0/../../../../arm-none-eabi/lib/m4/fp/v4-sp-d16\libg_s.a(lib_a-freer.o)
 .comment       0x00000000       0x2b c:/freescale/kds_2.0.0/toolchain/bin/../lib/gcc/arm-none-eabi/4.8.0/../../../../arm-none-eabi/lib/m4/fp/v4-sp-d16\libg_s.a(lib_a-mallocr.o)
 .comment       0x00000000       0x2b c:/freescale/kds_2.0.0/toolchain/bin/../lib/gcc/arm-none-eabi/4.8.0/../../../../arm-none-eabi/lib/m4/fp/v4-sp-d16\libg_s.a(lib_a-memchr.o)
 .comment       0x00000000       0x2b c:/freescale/kds_2.0.0/toolchain/bin/../lib/gcc/arm-none-eabi/4.8.0/../../../../arm-none-eabi/lib/m4/fp/v4-sp-d16\libg_s.a(lib_a-reallocr.o)
 .comment       0x00000000       0x2b c:/freescale/kds_2.0.0/toolchain/bin/../lib/gcc/arm-none-eabi/4.8.0/../../../../arm-none-eabi/lib/m4/fp/v4-sp-d16\libg_s.a(lib_a-sbrkr.o)
 .comment       0x00000000       0x2b c:/freescale/kds_2.0.0/toolchain/bin/../lib/gcc/arm-none-eabi/4.8.0/../../../../arm-none-eabi/lib/m4/fp/v4-sp-d16\libg_s.a(lib_a-strlen.o)
 .comment       0x00000000       0x2b c:/freescale/kds_2.0.0/toolchain/bin/../lib/gcc/arm-none-eabi/4.8.0/../../../../arm-none-eabi/lib/m4/fp/v4-sp-d16\libg_s.a(lib_a-msizer.o)
 .comment       0x00000000       0x2b c:/freescale/kds_2.0.0/toolchain/bin/../lib/gcc/arm-none-eabi/4.8.0/../../../../arm-none-eabi/lib/m4/fp/v4-sp-d16\libg_s.a(lib_a-reent.o)
 .comment       0x00000000       0x2b c:/freescale/kds_2.0.0/toolchain/bin/../lib/gcc/arm-none-eabi/4.8.0/m4/fp/v4-sp-d16/crtend.o

.debug_info     0x00000000     0x8383
 .debug_info    0x00000000      0xa5a ./Static_Code/System/CPU_Init.o
 .debug_info    0x00000a5a      0x816 ./Static_Code/System/Vectors.o
 .debug_info    0x00001270      0x2a4 ./Sources/Events.o
 .debug_info    0x00001514      0x2b6 ./Sources/main.o
 .debug_info    0x000017ca      0x498 ./Project_Settings/Startup_Code/startup.o
 .debug_info    0x00001c62      0x230 ./Generated_Code/AD1.o
 .debug_info    0x00001e92      0x230 ./Generated_Code/AD2.o
 .debug_info    0x000020c2      0x952 ./Generated_Code/AdcLdd1.o
 .debug_info    0x00002a14      0x952 ./Generated_Code/AdcLdd2.o
 .debug_info    0x00003366      0x521 ./Generated_Code/BitIoLdd1.o
 .debug_info    0x00003887      0x4fb ./Generated_Code/BitIoLdd2.o
 .debug_info    0x00003d82      0x4fb ./Generated_Code/BitIoLdd3.o
 .debug_info    0x0000427d       0xb8 ./Generated_Code/Cpu.o
 .debug_info    0x00004335      0x521 ./Generated_Code/D_Cpin1.o
 .debug_info    0x00004856       0xb2 ./Generated_Code/ENC_PB.o
 .debug_info    0x00004908       0xb2 ./Generated_Code/ENC_SW_1.o
 .debug_info    0x000049ba       0xb2 ./Generated_Code/ENC_SW_2.o
 .debug_info    0x00004a6c      0x5e6 ./Generated_Code/ExtIntLdd1.o
 .debug_info    0x00005052      0x5e6 ./Generated_Code/ExtIntLdd2.o
 .debug_info    0x00005638      0x5e6 ./Generated_Code/ExtIntLdd3.o
 .debug_info    0x00005c1e      0x825 ./Generated_Code/PDC1.o
 .debug_info    0x00006443      0x23b ./Generated_Code/PE_LDD.o
 .debug_info    0x0000667e      0x521 ./Generated_Code/RESpin1.o
 .debug_info    0x00006b9f      0x521 ./Generated_Code/SCEpin1.o
 .debug_info    0x000070c0      0x830 ./Generated_Code/SM1.o
 .debug_info    0x000078f0       0xb2 ./Generated_Code/TI1_SW.o
 .debug_info    0x000079a2      0x6b6 ./Generated_Code/TU1.o
 .debug_info    0x00008058      0x1f9 ./Generated_Code/TimerIntLdd1.o
 .debug_info    0x00008251      0x132 ./Generated_Code/WAIT1.o

.debug_abbrev   0x00000000     0x230c
 .debug_abbrev  0x00000000      0x1bd ./Static_Code/System/CPU_Init.o
 .debug_abbrev  0x000001bd       0xd6 ./Static_Code/System/Vectors.o
 .debug_abbrev  0x00000293      0x146 ./Sources/Events.o
 .debug_abbrev  0x000003d9       0xb7 ./Sources/main.o
 .debug_abbrev  0x00000490      0x1a1 ./Project_Settings/Startup_Code/startup.o
 .debug_abbrev  0x00000631      0x150 ./Generated_Code/AD1.o
 .debug_abbrev  0x00000781      0x150 ./Generated_Code/AD2.o
 .debug_abbrev  0x000008d1      0x1b4 ./Generated_Code/AdcLdd1.o
 .debug_abbrev  0x00000a85      0x1b4 ./Generated_Code/AdcLdd2.o
 .debug_abbrev  0x00000c39      0x186 ./Generated_Code/BitIoLdd1.o
 .debug_abbrev  0x00000dbf      0x15d ./Generated_Code/BitIoLdd2.o
 .debug_abbrev  0x00000f1c      0x15d ./Generated_Code/BitIoLdd3.o
 .debug_abbrev  0x00001079       0x45 ./Generated_Code/Cpu.o
 .debug_abbrev  0x000010be      0x186 ./Generated_Code/D_Cpin1.o
 .debug_abbrev  0x00001244       0x68 ./Generated_Code/ENC_PB.o
 .debug_abbrev  0x000012ac       0x68 ./Generated_Code/ENC_SW_1.o
 .debug_abbrev  0x00001314       0x68 ./Generated_Code/ENC_SW_2.o
 .debug_abbrev  0x0000137c      0x15d ./Generated_Code/ExtIntLdd1.o
 .debug_abbrev  0x000014d9      0x15d ./Generated_Code/ExtIntLdd2.o
 .debug_abbrev  0x00001636      0x15d ./Generated_Code/ExtIntLdd3.o
 .debug_abbrev  0x00001793      0x203 ./Generated_Code/PDC1.o
 .debug_abbrev  0x00001996      0x10d ./Generated_Code/PE_LDD.o
 .debug_abbrev  0x00001aa3      0x186 ./Generated_Code/RESpin1.o
 .debug_abbrev  0x00001c29      0x186 ./Generated_Code/SCEpin1.o
 .debug_abbrev  0x00001daf      0x1c3 ./Generated_Code/SM1.o
 .debug_abbrev  0x00001f72       0x68 ./Generated_Code/TI1_SW.o
 .debug_abbrev  0x00001fda      0x1a4 ./Generated_Code/TU1.o
 .debug_abbrev  0x0000217e       0xdd ./Generated_Code/TimerIntLdd1.o
 .debug_abbrev  0x0000225b       0xb1 ./Generated_Code/WAIT1.o

.debug_aranges  0x00000000      0xaa0
 .debug_aranges
                0x00000000       0x40 ./Static_Code/System/CPU_Init.o
 .debug_aranges
                0x00000040      0x340 ./Static_Code/System/Vectors.o
 .debug_aranges
                0x00000380       0x70 ./Sources/Events.o
 .debug_aranges
                0x000003f0       0x20 ./Sources/main.o
 .debug_aranges
                0x00000410       0x60 ./Project_Settings/Startup_Code/startup.o
 .debug_aranges
                0x00000470       0x48 ./Generated_Code/AD1.o
 .debug_aranges
                0x000004b8       0x48 ./Generated_Code/AD2.o
 .debug_aranges
                0x00000500       0x60 ./Generated_Code/AdcLdd1.o
 .debug_aranges
                0x00000560       0x60 ./Generated_Code/AdcLdd2.o
 .debug_aranges
                0x000005c0       0x48 ./Generated_Code/BitIoLdd1.o
 .debug_aranges
                0x00000608       0x40 ./Generated_Code/BitIoLdd2.o
 .debug_aranges
                0x00000648       0x40 ./Generated_Code/BitIoLdd3.o
 .debug_aranges
                0x00000688       0x30 ./Generated_Code/Cpu.o
 .debug_aranges
                0x000006b8       0x48 ./Generated_Code/D_Cpin1.o
 .debug_aranges
                0x00000700       0x20 ./Generated_Code/ENC_PB.o
 .debug_aranges
                0x00000720       0x20 ./Generated_Code/ENC_SW_1.o
 .debug_aranges
                0x00000740       0x20 ./Generated_Code/ENC_SW_2.o
 .debug_aranges
                0x00000760       0x30 ./Generated_Code/ExtIntLdd1.o
 .debug_aranges
                0x00000790       0x30 ./Generated_Code/ExtIntLdd2.o
 .debug_aranges
                0x000007c0       0x30 ./Generated_Code/ExtIntLdd3.o
 .debug_aranges
                0x000007f0       0xe8 ./Generated_Code/PDC1.o
 .debug_aranges
                0x000008d8       0x30 ./Generated_Code/PE_LDD.o
 .debug_aranges
                0x00000908       0x48 ./Generated_Code/RESpin1.o
 .debug_aranges
                0x00000950       0x48 ./Generated_Code/SCEpin1.o
 .debug_aranges
                0x00000998       0x38 ./Generated_Code/SM1.o
 .debug_aranges
                0x000009d0       0x20 ./Generated_Code/TI1_SW.o
 .debug_aranges
                0x000009f0       0x38 ./Generated_Code/TU1.o
 .debug_aranges
                0x00000a28       0x38 ./Generated_Code/TimerIntLdd1.o
 .debug_aranges
                0x00000a60       0x40 ./Generated_Code/WAIT1.o

.debug_ranges   0x00000000      0x8d0
 .debug_ranges  0x00000000       0x30 ./Static_Code/System/CPU_Init.o
 .debug_ranges  0x00000030      0x330 ./Static_Code/System/Vectors.o
 .debug_ranges  0x00000360       0x60 ./Sources/Events.o
 .debug_ranges  0x000003c0       0x10 ./Sources/main.o
 .debug_ranges  0x000003d0       0x50 ./Project_Settings/Startup_Code/startup.o
 .debug_ranges  0x00000420       0x38 ./Generated_Code/AD1.o
 .debug_ranges  0x00000458       0x38 ./Generated_Code/AD2.o
 .debug_ranges  0x00000490       0x50 ./Generated_Code/AdcLdd1.o
 .debug_ranges  0x000004e0       0x50 ./Generated_Code/AdcLdd2.o
 .debug_ranges  0x00000530       0x38 ./Generated_Code/BitIoLdd1.o
 .debug_ranges  0x00000568       0x30 ./Generated_Code/BitIoLdd2.o
 .debug_ranges  0x00000598       0x30 ./Generated_Code/BitIoLdd3.o
 .debug_ranges  0x000005c8       0x20 ./Generated_Code/Cpu.o
 .debug_ranges  0x000005e8       0x38 ./Generated_Code/D_Cpin1.o
 .debug_ranges  0x00000620       0x10 ./Generated_Code/ENC_PB.o
 .debug_ranges  0x00000630       0x10 ./Generated_Code/ENC_SW_1.o
 .debug_ranges  0x00000640       0x10 ./Generated_Code/ENC_SW_2.o
 .debug_ranges  0x00000650       0x20 ./Generated_Code/ExtIntLdd1.o
 .debug_ranges  0x00000670       0x20 ./Generated_Code/ExtIntLdd2.o
 .debug_ranges  0x00000690       0x20 ./Generated_Code/ExtIntLdd3.o
 .debug_ranges  0x000006b0       0xd8 ./Generated_Code/PDC1.o
 .debug_ranges  0x00000788       0x20 ./Generated_Code/PE_LDD.o
 .debug_ranges  0x000007a8       0x38 ./Generated_Code/RESpin1.o
 .debug_ranges  0x000007e0       0x38 ./Generated_Code/SCEpin1.o
 .debug_ranges  0x00000818       0x28 ./Generated_Code/SM1.o
 .debug_ranges  0x00000840       0x10 ./Generated_Code/TI1_SW.o
 .debug_ranges  0x00000850       0x28 ./Generated_Code/TU1.o
 .debug_ranges  0x00000878       0x28 ./Generated_Code/TimerIntLdd1.o
 .debug_ranges  0x000008a0       0x30 ./Generated_Code/WAIT1.o

.debug_macro    0x00000000    0x332b7
 .debug_macro   0x00000000      0x2ee ./Static_Code/System/CPU_Init.o
 .debug_macro   0x000002ee      0x850 ./Static_Code/System/CPU_Init.o
 .debug_macro   0x00000b3e      0x214 ./Static_Code/System/CPU_Init.o
 .debug_macro   0x00000d52     0x17d0 ./Static_Code/System/CPU_Init.o
 .debug_macro   0x00002522    0x10f7a ./Static_Code/System/CPU_Init.o
 .debug_macro   0x0001349c      0x472 ./Static_Code/System/CPU_Init.o
 .debug_macro   0x0001390e      0x14e ./Static_Code/System/CPU_Init.o
 .debug_macro   0x00013a5c       0x6a ./Static_Code/System/CPU_Init.o
 .debug_macro   0x00013ac6       0x2e ./Static_Code/System/CPU_Init.o
 .debug_macro   0x00013af4       0x2e ./Static_Code/System/CPU_Init.o
 .debug_macro   0x00013b22       0x95 ./Static_Code/System/CPU_Init.o
 .debug_macro   0x00013bb7       0x16 ./Static_Code/System/CPU_Init.o
 .debug_macro   0x00013bcd       0x94 ./Static_Code/System/CPU_Init.o
 .debug_macro   0x00013c61      0x12b ./Static_Code/System/CPU_Init.o
 .debug_macro   0x00013d8c       0x40 ./Static_Code/System/CPU_Init.o
 .debug_macro   0x00013dcc       0x46 ./Static_Code/System/CPU_Init.o
 .debug_macro   0x00013e12       0x46 ./Static_Code/System/CPU_Init.o
 .debug_macro   0x00013e58      0x648 ./Static_Code/System/CPU_Init.o
 .debug_macro   0x000144a0       0x43 ./Static_Code/System/CPU_Init.o
 .debug_macro   0x000144e3       0x37 ./Static_Code/System/CPU_Init.o
 .debug_macro   0x0001451a       0xc8 ./Static_Code/System/CPU_Init.o
 .debug_macro   0x000145e2       0x4c ./Static_Code/System/CPU_Init.o
 .debug_macro   0x0001462e       0x27 ./Static_Code/System/CPU_Init.o
 .debug_macro   0x00014655       0x46 ./Static_Code/System/CPU_Init.o
 .debug_macro   0x0001469b       0x20 ./Static_Code/System/CPU_Init.o
 .debug_macro   0x000146bb       0x46 ./Static_Code/System/CPU_Init.o
 .debug_macro   0x00014701       0x20 ./Static_Code/System/CPU_Init.o
 .debug_macro   0x00014721      0x4e9 ./Static_Code/System/CPU_Init.o
 .debug_macro   0x00014c0a       0x2e ./Static_Code/System/CPU_Init.o
 .debug_macro   0x00014c38       0x34 ./Static_Code/System/CPU_Init.o
 .debug_macro   0x00014c6c       0x34 ./Static_Code/System/CPU_Init.o
 .debug_macro   0x00014ca0      0x6a6 ./Static_Code/System/CPU_Init.o
 .debug_macro   0x00015346       0x59 ./Static_Code/System/CPU_Init.o
 .debug_macro   0x0001539f       0x28 ./Static_Code/System/CPU_Init.o
 .debug_macro   0x000153c7       0x12 ./Static_Code/System/CPU_Init.o
 .debug_macro   0x000153d9      0x61c ./Static_Code/System/CPU_Init.o
 .debug_macro   0x000159f5       0x7b ./Static_Code/System/CPU_Init.o
 .debug_macro   0x00015a70       0x10 ./Static_Code/System/CPU_Init.o
 .debug_macro   0x00015a80       0x81 ./Static_Code/System/CPU_Init.o
 .debug_macro   0x00015b01       0x10 ./Static_Code/System/CPU_Init.o
 .debug_macro   0x00015b11      0x2aa ./Static_Code/System/CPU_Init.o
 .debug_macro   0x00015dbb      0x2dc ./Static_Code/System/Vectors.o
 .debug_macro   0x00016097      0x3ce ./Sources/Events.o
 .debug_macro   0x00016465      0x626 ./Sources/Events.o
 .debug_macro   0x00016a8b      0x327 ./Sources/Events.o
 .debug_macro   0x00016db2      0x1e8 ./Sources/Events.o
 .debug_macro   0x00016f9a      0x109 ./Sources/Events.o
 .debug_macro   0x000170a3      0x17e ./Sources/Events.o
 .debug_macro   0x00017221      0x200 ./Sources/Events.o
 .debug_macro   0x00017421      0x91e ./Sources/Events.o
 .debug_macro   0x00017d3f      0x588 ./Sources/Events.o
 .debug_macro   0x000182c7       0x9e ./Sources/Events.o
 .debug_macro   0x00018365      0x1f7 ./Sources/Events.o
 .debug_macro   0x0001855c      0x50f ./Sources/Events.o
 .debug_macro   0x00018a6b      0x297 ./Sources/Events.o
 .debug_macro   0x00018d02      0x318 ./Sources/Events.o
 .debug_macro   0x0001901a      0x25a ./Sources/Events.o
 .debug_macro   0x00019274      0x13d ./Sources/Events.o
 .debug_macro   0x000193b1      0x30b ./Sources/Events.o
 .debug_macro   0x000196bc       0xba ./Sources/Events.o
 .debug_macro   0x00019776       0xe9 ./Sources/Events.o
 .debug_macro   0x0001985f      0x191 ./Sources/Events.o
 .debug_macro   0x000199f0       0xea ./Sources/Events.o
 .debug_macro   0x00019ada      0x348 ./Sources/Events.o
 .debug_macro   0x00019e22      0x7d6 ./Sources/Events.o
 .debug_macro   0x0001a5f8      0x179 ./Sources/Events.o
 .debug_macro   0x0001a771      0x645 ./Sources/Events.o
 .debug_macro   0x0001adb6      0x8d8 ./Sources/Events.o
 .debug_macro   0x0001b68e      0x11c ./Sources/Events.o
 .debug_macro   0x0001b7aa       0x81 ./Sources/Events.o
 .debug_macro   0x0001b82b      0x7bf ./Sources/Events.o
 .debug_macro   0x0001bfea      0x10f ./Sources/Events.o
 .debug_macro   0x0001c0f9      0x614 ./Sources/Events.o
 .debug_macro   0x0001c70d      0x181 ./Sources/Events.o
 .debug_macro   0x0001c88e      0x4bd ./Sources/main.o
 .debug_macro   0x0001cd4b       0x10 ./Sources/main.o
 .debug_macro   0x0001cd5b       0x89 ./Sources/main.o
 .debug_macro   0x0001cde4       0x10 ./Sources/main.o
 .debug_macro   0x0001cdf4       0x3a ./Sources/main.o
 .debug_macro   0x0001ce2e       0x52 ./Sources/main.o
 .debug_macro   0x0001ce80       0x19 ./Sources/main.o
 .debug_macro   0x0001ce99      0x16d ./Sources/main.o
 .debug_macro   0x0001d006       0x10 ./Sources/main.o
 .debug_macro   0x0001d016       0xef ./Sources/main.o
 .debug_macro   0x0001d105       0x22 ./Sources/main.o
 .debug_macro   0x0001d127       0x91 ./Sources/main.o
 .debug_macro   0x0001d1b8       0x16 ./Sources/main.o
 .debug_macro   0x0001d1ce      0x14a ./Sources/main.o
 .debug_macro   0x0001d318       0x10 ./Sources/main.o
 .debug_macro   0x0001d328       0x35 ./Sources/main.o
 .debug_macro   0x0001d35d       0x1c ./Sources/main.o
 .debug_macro   0x0001d379       0xd7 ./Sources/main.o
 .debug_macro   0x0001d450     0x17ca ./Sources/main.o
 .debug_macro   0x0001ec1a      0x119 ./Project_Settings/Startup_Code/startup.o
 .debug_macro   0x0001ed33       0x89 ./Project_Settings/Startup_Code/startup.o
 .debug_macro   0x0001edbc       0x10 ./Project_Settings/Startup_Code/startup.o
 .debug_macro   0x0001edcc    0x10f6e ./Project_Settings/Startup_Code/startup.o
 .debug_macro   0x0002fd3a      0x2b9 ./Generated_Code/AD1.o
 .debug_macro   0x0002fff3      0x2b9 ./Generated_Code/AD2.o
 .debug_macro   0x000302ac      0x112 ./Generated_Code/AdcLdd1.o
 .debug_macro   0x000303be      0x616 ./Generated_Code/AdcLdd1.o
 .debug_macro   0x000309d4      0x112 ./Generated_Code/AdcLdd2.o
 .debug_macro   0x00030ae6       0x7b ./Generated_Code/AdcLdd2.o
 .debug_macro   0x00030b61       0xe6 ./Generated_Code/BitIoLdd1.o
 .debug_macro   0x00030c47       0x46 ./Generated_Code/BitIoLdd1.o
 .debug_macro   0x00030c8d       0xe6 ./Generated_Code/BitIoLdd2.o
 .debug_macro   0x00030d73       0x40 ./Generated_Code/BitIoLdd2.o
 .debug_macro   0x00030db3       0xe6 ./Generated_Code/BitIoLdd3.o
 .debug_macro   0x00030e99       0x40 ./Generated_Code/BitIoLdd3.o
 .debug_macro   0x00030ed9      0x2b9 ./Generated_Code/Cpu.o
 .debug_macro   0x00031192       0xe6 ./Generated_Code/D_Cpin1.o
 .debug_macro   0x00031278       0x40 ./Generated_Code/D_Cpin1.o
 .debug_macro   0x000312b8      0x29b ./Generated_Code/ENC_PB.o
 .debug_macro   0x00031553      0x29b ./Generated_Code/ENC_SW_1.o
 .debug_macro   0x000317ee      0x29b ./Generated_Code/ENC_SW_2.o
 .debug_macro   0x00031a89       0xff ./Generated_Code/ExtIntLdd1.o
 .debug_macro   0x00031b88       0xff ./Generated_Code/ExtIntLdd2.o
 .debug_macro   0x00031c87       0x2e ./Generated_Code/ExtIntLdd2.o
 .debug_macro   0x00031cb5       0xff ./Generated_Code/ExtIntLdd3.o
 .debug_macro   0x00031db4       0x2e ./Generated_Code/ExtIntLdd3.o
 .debug_macro   0x00031de2      0x192 ./Generated_Code/PDC1.o
 .debug_macro   0x00031f74      0x24b ./Generated_Code/PE_LDD.o
 .debug_macro   0x000321bf       0xe6 ./Generated_Code/RESpin1.o
 .debug_macro   0x000322a5       0xe6 ./Generated_Code/SCEpin1.o
 .debug_macro   0x0003238b       0x40 ./Generated_Code/SCEpin1.o
 .debug_macro   0x000323cb      0x2ad ./Generated_Code/SM1.o
 .debug_macro   0x00032678      0x29b ./Generated_Code/TI1_SW.o
 .debug_macro   0x00032913       0xfb ./Generated_Code/TU1.o
 .debug_macro   0x00032a0e      0x6a0 ./Generated_Code/TU1.o
 .debug_macro   0x000330ae      0x10a ./Generated_Code/TimerIntLdd1.o
 .debug_macro   0x000331b8       0xce ./Generated_Code/WAIT1.o
 .debug_macro   0x00033286       0x31 ./Generated_Code/WAIT1.o

.debug_line     0x00000000     0x9122
 .debug_line    0x00000000      0x673 ./Static_Code/System/CPU_Init.o
 .debug_line    0x00000673      0xc19 ./Static_Code/System/Vectors.o
 .debug_line    0x0000128c      0x77c ./Sources/Events.o
 .debug_line    0x00001a08      0x79a ./Sources/main.o
 .debug_line    0x000021a2      0x3d9 ./Project_Settings/Startup_Code/startup.o
 .debug_line    0x0000257b      0x58d ./Generated_Code/AD1.o
 .debug_line    0x00002b08      0x58d ./Generated_Code/AD2.o
 .debug_line    0x00003095      0x46a ./Generated_Code/AdcLdd1.o
 .debug_line    0x000034ff      0x46a ./Generated_Code/AdcLdd2.o
 .debug_line    0x00003969      0x3be ./Generated_Code/BitIoLdd1.o
 .debug_line    0x00003d27      0x3ac ./Generated_Code/BitIoLdd2.o
 .debug_line    0x000040d3      0x3ac ./Generated_Code/BitIoLdd3.o
 .debug_line    0x0000447f      0x589 ./Generated_Code/Cpu.o
 .debug_line    0x00004a08      0x3bb ./Generated_Code/D_Cpin1.o
 .debug_line    0x00004dc3      0x509 ./Generated_Code/ENC_PB.o
 .debug_line    0x000052cc      0x50d ./Generated_Code/ENC_SW_1.o
 .debug_line    0x000057d9      0x50d ./Generated_Code/ENC_SW_2.o
 .debug_line    0x00005ce6      0x3ab ./Generated_Code/ExtIntLdd1.o
 .debug_line    0x00006091      0x3ab ./Generated_Code/ExtIntLdd2.o
 .debug_line    0x0000643c      0x3a7 ./Generated_Code/ExtIntLdd3.o
 .debug_line    0x000067e3      0x73f ./Generated_Code/PDC1.o
 .debug_line    0x00006f22      0x503 ./Generated_Code/PE_LDD.o
 .debug_line    0x00007425      0x3bb ./Generated_Code/RESpin1.o
 .debug_line    0x000077e0      0x3bb ./Generated_Code/SCEpin1.o
 .debug_line    0x00007b9b      0x5a7 ./Generated_Code/SM1.o
 .debug_line    0x00008142      0x509 ./Generated_Code/TI1_SW.o
 .debug_line    0x0000864b      0x3c2 ./Generated_Code/TU1.o
 .debug_line    0x00008a0d      0x3ba ./Generated_Code/TimerIntLdd1.o
 .debug_line    0x00008dc7      0x35b ./Generated_Code/WAIT1.o

.debug_str      0x00000000    0xe63ff
 .debug_str     0x00000000    0x83767 ./Static_Code/System/CPU_Init.o
                              0x838d1 (size before relaxing)
 .debug_str     0x00083767      0x9c3 ./Static_Code/System/Vectors.o
                              0x83d25 (size before relaxing)
 .debug_str     0x0008412a    0x5dd1a ./Sources/Events.o
                              0xe0010 (size before relaxing)
 .debug_str     0x000e1e44     0x2980 ./Sources/main.o
                              0xe28f9 (size before relaxing)
 .debug_str     0x000e47c4      0x16f ./Project_Settings/Startup_Code/startup.o
                              0x6231b (size before relaxing)
 .debug_str     0x000e4933      0x127 ./Generated_Code/AD1.o
                              0x82487 (size before relaxing)
 .debug_str     0x000e4a5a       0x92 ./Generated_Code/AD2.o
                              0x82487 (size before relaxing)
 .debug_str     0x000e4aec      0x38d ./Generated_Code/AdcLdd1.o
                              0x6e98d (size before relaxing)
 .debug_str     0x000e4e79      0x247 ./Generated_Code/AdcLdd2.o
                              0x6e98d (size before relaxing)
 .debug_str     0x000e50c0       0xf3 ./Generated_Code/BitIoLdd1.o
                              0x6a36a (size before relaxing)
 .debug_str     0x000e51b3       0xa0 ./Generated_Code/BitIoLdd2.o
                              0x6a338 (size before relaxing)
 .debug_str     0x000e5253       0xa0 ./Generated_Code/BitIoLdd3.o
                              0x6a338 (size before relaxing)
 .debug_str     0x000e52f3       0x28 ./Generated_Code/Cpu.o
                              0x82374 (size before relaxing)
 .debug_str     0x000e531b       0x9f ./Generated_Code/D_Cpin1.o
                              0x6a2d9 (size before relaxing)
 .debug_str     0x000e53ba       0x32 ./Generated_Code/ENC_PB.o
                              0x82362 (size before relaxing)
 .debug_str     0x000e53ec       0x34 ./Generated_Code/ENC_SW_1.o
                              0x82364 (size before relaxing)
 .debug_str     0x000e5420       0x34 ./Generated_Code/ENC_SW_2.o
                              0x82364 (size before relaxing)
 .debug_str     0x000e5454       0xa8 ./Generated_Code/ExtIntLdd1.o
                              0x6d84b (size before relaxing)
 .debug_str     0x000e54fc       0x87 ./Generated_Code/ExtIntLdd2.o
                              0x6d84b (size before relaxing)
 .debug_str     0x000e5583       0x93 ./Generated_Code/ExtIntLdd3.o
                              0x6d847 (size before relaxing)
 .debug_str     0x000e5616      0x600 ./Generated_Code/PDC1.o
                              0x7082b (size before relaxing)
 .debug_str     0x000e5c16      0x166 ./Generated_Code/PE_LDD.o
                              0x824d7 (size before relaxing)
 .debug_str     0x000e5d7c       0x9f ./Generated_Code/RESpin1.o
                              0x6a2d9 (size before relaxing)
 .debug_str     0x000e5e1b       0x9f ./Generated_Code/SCEpin1.o
                              0x6a2d9 (size before relaxing)
 .debug_str     0x000e5eba      0x217 ./Generated_Code/SM1.o
                              0x82778 (size before relaxing)
 .debug_str     0x000e60d1       0x34 ./Generated_Code/TI1_SW.o
                              0x82364 (size before relaxing)
 .debug_str     0x000e6105      0x18f ./Generated_Code/TU1.o
                              0x729d3 (size before relaxing)
 .debug_str     0x000e6294       0xe7 ./Generated_Code/TimerIntLdd1.o
                              0x72875 (size before relaxing)
 .debug_str     0x000e637b       0x84 ./Generated_Code/WAIT1.o
                              0x695a4 (size before relaxing)

.debug_frame    0x00000000     0x1fa0
 .debug_frame   0x00000000       0x9c ./Static_Code/System/CPU_Init.o
 .debug_frame   0x0000009c      0xcb0 ./Static_Code/System/Vectors.o
 .debug_frame   0x00000d4c      0x128 ./Sources/Events.o
 .debug_frame   0x00000e74       0x30 ./Sources/main.o
 .debug_frame   0x00000ea4      0x108 ./Project_Settings/Startup_Code/startup.o
 .debug_frame   0x00000fac       0xc4 ./Generated_Code/AD1.o
 .debug_frame   0x00001070       0xc4 ./Generated_Code/AD2.o
 .debug_frame   0x00001134      0x114 ./Generated_Code/AdcLdd1.o
 .debug_frame   0x00001248      0x114 ./Generated_Code/AdcLdd2.o
 .debug_frame   0x0000135c       0xb8 ./Generated_Code/BitIoLdd1.o
 .debug_frame   0x00001414       0x9c ./Generated_Code/BitIoLdd2.o
 .debug_frame   0x000014b0       0x9c ./Generated_Code/BitIoLdd3.o
 .debug_frame   0x0000154c       0x74 ./Generated_Code/Cpu.o
 .debug_frame   0x000015c0       0xb8 ./Generated_Code/D_Cpin1.o
 .debug_frame   0x00001678       0x30 ./Generated_Code/ENC_PB.o
 .debug_frame   0x000016a8       0x30 ./Generated_Code/ENC_SW_1.o
 .debug_frame   0x000016d8       0x30 ./Generated_Code/ENC_SW_2.o
 .debug_frame   0x00001708       0x68 ./Generated_Code/ExtIntLdd1.o
 .debug_frame   0x00001770       0x68 ./Generated_Code/ExtIntLdd2.o
 .debug_frame   0x000017d8       0x6c ./Generated_Code/ExtIntLdd3.o
 .debug_frame   0x00001844      0x328 ./Generated_Code/PDC1.o
 .debug_frame   0x00001b6c       0x64 ./Generated_Code/PE_LDD.o
 .debug_frame   0x00001bd0       0xb8 ./Generated_Code/RESpin1.o
 .debug_frame   0x00001c88       0xb8 ./Generated_Code/SCEpin1.o
 .debug_frame   0x00001d40       0x88 ./Generated_Code/SM1.o
 .debug_frame   0x00001dc8       0x30 ./Generated_Code/TI1_SW.o
 .debug_frame   0x00001df8       0x88 ./Generated_Code/TU1.o
 .debug_frame   0x00001e80       0x90 ./Generated_Code/TimerIntLdd1.o
 .debug_frame   0x00001f10       0x90 ./Generated_Code/WAIT1.o
