Archive member included because of file (symbol)

c:/freescale/kds_2.0.0/toolchain/bin/../lib/gcc/arm-none-eabi/4.8.0/../../../../arm-none-eabi/lib/m4/fp/v4-sp-d16\libm.a(lib_a-sf_floor.o)
                              ./Sources/main.o (floorf)
c:/freescale/kds_2.0.0/toolchain/bin/../lib/gcc/arm-none-eabi/4.8.0/m4/fp/v4-sp-d16\libgcc.a(_arm_addsubdf3.o)
                              ./Sources/main.o (__aeabi_i2d)
c:/freescale/kds_2.0.0/toolchain/bin/../lib/gcc/arm-none-eabi/4.8.0/m4/fp/v4-sp-d16\libgcc.a(_arm_muldivdf3.o)
                              ./Sources/main.o (__aeabi_ddiv)
c:/freescale/kds_2.0.0/toolchain/bin/../lib/gcc/arm-none-eabi/4.8.0/m4/fp/v4-sp-d16\libgcc.a(_arm_truncdfsf2.o)
                              ./Sources/main.o (__aeabi_d2f)
c:/freescale/kds_2.0.0/toolchain/bin/../lib/gcc/arm-none-eabi/4.8.0/../../../../arm-none-eabi/lib/m4/fp/v4-sp-d16\libg_s.a(lib_a-atexit.o)
                              c:/freescale/kds_2.0.0/toolchain/bin/../lib/gcc/arm-none-eabi/4.8.0/../../../../arm-none-eabi/lib/m4/fp/v4-sp-d16/crt0.o (atexit)
c:/freescale/kds_2.0.0/toolchain/bin/../lib/gcc/arm-none-eabi/4.8.0/../../../../arm-none-eabi/lib/m4/fp/v4-sp-d16\libg_s.a(lib_a-exit.o)
                              c:/freescale/kds_2.0.0/toolchain/bin/../lib/gcc/arm-none-eabi/4.8.0/../../../../arm-none-eabi/lib/m4/fp/v4-sp-d16/crt0.o (exit)
c:/freescale/kds_2.0.0/toolchain/bin/../lib/gcc/arm-none-eabi/4.8.0/../../../../arm-none-eabi/lib/m4/fp/v4-sp-d16\libg_s.a(lib_a-fini.o)
                              c:/freescale/kds_2.0.0/toolchain/bin/../lib/gcc/arm-none-eabi/4.8.0/../../../../arm-none-eabi/lib/m4/fp/v4-sp-d16\libg_s.a(lib_a-exit.o) (__libc_fini_array)
c:/freescale/kds_2.0.0/toolchain/bin/../lib/gcc/arm-none-eabi/4.8.0/../../../../arm-none-eabi/lib/m4/fp/v4-sp-d16\libg_s.a(lib_a-impure.o)
                              c:/freescale/kds_2.0.0/toolchain/bin/../lib/gcc/arm-none-eabi/4.8.0/../../../../arm-none-eabi/lib/m4/fp/v4-sp-d16\libg_s.a(lib_a-exit.o) (_global_impure_ptr)
c:/freescale/kds_2.0.0/toolchain/bin/../lib/gcc/arm-none-eabi/4.8.0/../../../../arm-none-eabi/lib/m4/fp/v4-sp-d16\libg_s.a(lib_a-memcpy.o)
                              ./Generated_Code/PDC1.o (memcpy)
c:/freescale/kds_2.0.0/toolchain/bin/../lib/gcc/arm-none-eabi/4.8.0/../../../../arm-none-eabi/lib/m4/fp/v4-sp-d16\libg_s.a(lib_a-memset.o)
                              c:/freescale/kds_2.0.0/toolchain/bin/../lib/gcc/arm-none-eabi/4.8.0/../../../../arm-none-eabi/lib/m4/fp/v4-sp-d16/crt0.o (memset)
c:/freescale/kds_2.0.0/toolchain/bin/../lib/gcc/arm-none-eabi/4.8.0/../../../../arm-none-eabi/lib/m4/fp/v4-sp-d16\libg_s.a(lib_a-sprintf.o)
                              ./Sources/main.o (sprintf)
c:/freescale/kds_2.0.0/toolchain/bin/../lib/gcc/arm-none-eabi/4.8.0/../../../../arm-none-eabi/lib/m4/fp/v4-sp-d16\libg_s.a(lib_a-svfprintf.o)
                              c:/freescale/kds_2.0.0/toolchain/bin/../lib/gcc/arm-none-eabi/4.8.0/../../../../arm-none-eabi/lib/m4/fp/v4-sp-d16\libg_s.a(lib_a-sprintf.o) (_svfprintf_r)
c:/freescale/kds_2.0.0/toolchain/bin/../lib/gcc/arm-none-eabi/4.8.0/../../../../arm-none-eabi/lib/m4/fp/v4-sp-d16\libg_s.a(lib_a-syscalls.o)
                              c:/freescale/kds_2.0.0/toolchain/bin/../lib/gcc/arm-none-eabi/4.8.0/../../../../arm-none-eabi/lib/m4/fp/v4-sp-d16\libg_s.a(lib_a-exit.o) (_exit)
c:/freescale/kds_2.0.0/toolchain/bin/../lib/gcc/arm-none-eabi/4.8.0/../../../../arm-none-eabi/lib/m4/fp/v4-sp-d16\libg_s.a(lib_a-vfprintf_i.o)
                              c:/freescale/kds_2.0.0/toolchain/bin/../lib/gcc/arm-none-eabi/4.8.0/../../../../arm-none-eabi/lib/m4/fp/v4-sp-d16\libg_s.a(lib_a-svfprintf.o) (_printf_i)
c:/freescale/kds_2.0.0/toolchain/bin/../lib/gcc/arm-none-eabi/4.8.0/../../../../arm-none-eabi/lib/m4/fp/v4-sp-d16\libg_s.a(lib_a-__atexit.o)
                              c:/freescale/kds_2.0.0/toolchain/bin/../lib/gcc/arm-none-eabi/4.8.0/../../../../arm-none-eabi/lib/m4/fp/v4-sp-d16\libg_s.a(lib_a-atexit.o) (__do_register_exitproc)
c:/freescale/kds_2.0.0/toolchain/bin/../lib/gcc/arm-none-eabi/4.8.0/../../../../arm-none-eabi/lib/m4/fp/v4-sp-d16\libg_s.a(lib_a-__call_atexit.o)
                              c:/freescale/kds_2.0.0/toolchain/bin/../lib/gcc/arm-none-eabi/4.8.0/../../../../arm-none-eabi/lib/m4/fp/v4-sp-d16\libg_s.a(lib_a-__atexit.o) (__call_exitprocs)
c:/freescale/kds_2.0.0/toolchain/bin/../lib/gcc/arm-none-eabi/4.8.0/../../../../arm-none-eabi/lib/m4/fp/v4-sp-d16\libg_s.a(lib_a-errno.o)
                              c:/freescale/kds_2.0.0/toolchain/bin/../lib/gcc/arm-none-eabi/4.8.0/../../../../arm-none-eabi/lib/m4/fp/v4-sp-d16\libg_s.a(lib_a-syscalls.o) (__errno)
c:/freescale/kds_2.0.0/toolchain/bin/../lib/gcc/arm-none-eabi/4.8.0/../../../../arm-none-eabi/lib/m4/fp/v4-sp-d16\libg_s.a(lib_a-freer.o)
[...]
Memory Configuration

Name             Origin             Length             Attributes
m_interrupts     0x00000000         0x00000198         xr
m_text           0x00000410         0x000ffbf0         xr
m_data_1FFF0000  0x1fff0000         0x00010000         rw
m_data           0x20000000         0x00030000         rw
m_cfmprotrom     0x00000400         0x00000010         xr
*default*        0x00000000         0xffffffff

Linker script and memory map

LOAD c:/freescale/kds_2.0.0/toolchain/bin/../lib/gcc/arm-none-eabi/4.8.0/m4/fp/v4-sp-d16/crti.o
LOAD c:/freescale/kds_2.0.0/toolchain/bin/../lib/gcc/arm-none-eabi/4.8.0/m4/fp/v4-sp-d16/crtbegin.o
LOAD c:/freescale/kds_2.0.0/toolchain/bin/../lib/gcc/arm-none-eabi/4.8.0/../../../../arm-none-eabi/lib/m4/fp/v4-sp-d16/crt0.o
LOAD ./Static_Code/System/CPU_Init.o
LOAD ./Static_Code/System/Peripherals_Init.o
LOAD ./Static_Code/System/Vectors.o
LOAD ./Sources/Events.o
LOAD ./Sources/main.o
LOAD ./Project_Settings/Startup_Code/startup.o
LOAD ./Generated_Code/AD1.o
LOAD ./Generated_Code/AdcLdd1.o
LOAD ./Generated_Code/BitIoLdd1.o
LOAD ./Generated_Code/BitIoLdd2.o
LOAD ./Generated_Code/BitIoLdd3.o
LOAD ./Generated_Code/Cpu.o
LOAD ./Generated_Code/D_Cpin1.o
LOAD ./Generated_Code/ENC_PB.o
LOAD ./Generated_Code/ENC_SW_1.o
LOAD ./Generated_Code/ENC_SW_2.o
LOAD ./Generated_Code/ExtIntLdd1.o
LOAD ./Generated_Code/ExtIntLdd2.o
LOAD ./Generated_Code/ExtIntLdd3.o
LOAD ./Generated_Code/PDC1.o
LOAD ./Generated_Code/PE_LDD.o
LOAD ./Generated_Code/RESpin1.o
LOAD ./Generated_Code/SCEpin1.o
LOAD ./Generated_Code/SM1.o
LOAD ./Generated_Code/TI1_SW.o
LOAD ./Generated_Code/TU1.o
LOAD ./Generated_Code/TimerIntLdd1.o
LOAD ./Generated_Code/WAIT1.o
LOAD ./Generated_Code/bLED.o
LOAD ./Generated_Code/gLED.o
LOAD ./Generated_Code/rLED.o
LOAD ./cloudy.o
LOAD ./dftba.o
LOAD ./pizza.o
LOAD ./pizza_.o
LOAD ./pizza_john.o
LOAD ./xkcd_image.o
LOAD c:/freescale/kds_2.0.0/toolchain/bin/../lib/gcc/arm-none-eabi/4.8.0/../../../../arm-none-eabi/lib/m4/fp/v4-sp-d16\libstdc++.a
LOAD c:/freescale/kds_2.0.0/toolchain/bin/../lib/gcc/arm-none-eabi/4.8.0/../../../../arm-none-eabi/lib/m4/fp/v4-sp-d16\libm.a
START GROUP
LOAD c:/freescale/kds_2.0.0/toolchain/bin/../lib/gcc/arm-none-eabi/4.8.0/m4/fp/v4-sp-d16\libgcc.a
LOAD c:/freescale/kds_2.0.0/toolchain/bin/../lib/gcc/arm-none-eabi/4.8.0/../../../../arm-none-eabi/lib/m4/fp/v4-sp-d16\libg_s.a
LOAD c:/freescale/kds_2.0.0/toolchain/bin/../lib/gcc/arm-none-eabi/4.8.0/../../../../arm-none-eabi/lib/m4/fp/v4-sp-d16\libc_s.a
END GROUP
LOAD c:/freescale/kds_2.0.0/toolchain/bin/../lib/gcc/arm-none-eabi/4.8.0/m4/fp/v4-sp-d16/crtend.o
LOAD c:/freescale/kds_2.0.0/toolchain/bin/../lib/gcc/arm-none-eabi/4.8.0/m4/fp/v4-sp-d16/crtn.o
                0x20030000                _estack = 0x20030000
                0x20030000                __SP_INIT = _estack
                0x00000000                __heap_size = 0x0
                0x00000400                __stack_size = 0x400

.interrupts     0x00000000      0x198
                0x00000000                __vector_table = .
                0x00000000                . = ALIGN (0x4)
 *(.vectortable)
 .vectortable   0x00000000      0x198 ./Static_Code/System/Vectors.o
                0x00000000                __vect_table
                0x00000198                . = ALIGN (0x4)

.cfmprotect     0x00000400       0x10
                0x00000400                . = ALIGN (0x4)
 *(.cfmconfig)
 .cfmconfig     0x00000400       0x10 ./Static_Code/System/CPU_Init.o
                0x00000400                _cfm
                0x00000410                . = ALIGN (0x4)

.text           0x00000410     0x5114
                0x00000410                . = ALIGN (0x4)
 *(.text)
 .text          0x00000410      0x370 c:/freescale/kds_2.0.0/toolchain/bin/../lib/gcc/arm-none-eabi/4.8.0/m4/fp/v4-sp-d16\libgcc.a(_arm_addsubdf3.o)
                0x00000410                __aeabi_drsub
                0x00000418                __aeabi_dsub
                0x00000418                __subdf3
                0x0000041c                __aeabi_dadd
                0x0000041c                __adddf3
                0x00000694                __floatunsidf
                0x00000694                __aeabi_ui2d
                0x000006b4                __floatsidf
                0x000006b4                __aeabi_i2d
                0x000006d8                __aeabi_f2d
                0x000006d8                __extendsfdf2
                0x00000714                __floatundidf
                0x00000714                __aeabi_ul2d
                0x00000724                __floatdidf
                0x00000724                __aeabi_l2d
 .text          0x00000780      0x424 c:/freescale/kds_2.0.0/toolchain/bin/../lib/gcc/arm-none-eabi/4.8.0/m4/fp/v4-sp-d16\libgcc.a(_arm_muldivdf3.o)
                0x00000780                __aeabi_dmul
                0x00000780                __muldf3
                0x000009d4                __divdf3
                0x000009d4                __aeabi_ddiv
 .text          0x00000ba4       0xa0 c:/freescale/kds_2.0.0/toolchain/bin/../lib/gcc/arm-none-eabi/4.8.0/m4/fp/v4-sp-d16\libgcc.a(_arm_truncdfsf2.o)
                0x00000ba4                __truncdfsf2
                0x00000ba4                __aeabi_d2f
 *(.text*)
 .text.deregister_tm_clones
                0x00000c44       0x20 c:/freescale/kds_2.0.0/toolchain/bin/../lib/gcc/arm-none-eabi/4.8.0/m4/fp/v4-sp-d16/crtbegin.o
 .text.register_tm_clones
                0x00000c64       0x28 c:/freescale/kds_2.0.0/toolchain/bin/../lib/gcc/arm-none-eabi/4.8.0/m4/fp/v4-sp-d16/crtbegin.o
 .text.__do_global_dtors_aux
                0x00000c8c       0x2c c:/freescale/kds_2.0.0/toolchain/bin/../lib/gcc/arm-none-eabi/4.8.0/m4/fp/v4-sp-d16/crtbegin.o
 .text.frame_dummy
                0x00000cb8       0x38 c:/freescale/kds_2.0.0/toolchain/bin/../lib/gcc/arm-none-eabi/4.8.0/m4/fp/v4-sp-d16/crtbegin.o
 .text.CPU_SetBASEPRI
                0x00000cf0       0x18 ./Static_Code/System/CPU_Init.o
                0x00000cf0                CPU_SetBASEPRI
 .text.__init_hardware
                0x00000d08       0xb4 ./Static_Code/System/CPU_Init.o
                0x00000d08                __init_hardware
 .text.PE_low_level_init
                0x00000dbc       0x60 ./Static_Code/System/CPU_Init.o
                0x00000dbc                PE_low_level_init
 .text.CPU_GetClockGenMode
                0x00000e1c       0xb0 ./Static_Code/System/CPU_Init.o
                0x00000e1c                CPU_GetClockGenMode
 .text.CPU_SetClockConfigGenMode
                0x00000ecc      0x7b4 ./Static_Code/System/CPU_Init.o
                0x00000ecc                CPU_SetClockConfigGenMode
 .text.UnhandledInterrupt
                0x00001680       0x18 ./Static_Code/System/Vectors.o
                0x00001680                UnhandledInterrupt
 .text.Cpu_OnNMI
                0x00001698        0xc ./Sources/Events.o
                0x00001698                Cpu_OnNMI
 .text.SM1_OnBlockSent
                0x000016a4       0x14 ./Sources/Events.o
                0x000016a4                SM1_OnBlockSent
 .text.ENC_SW_2_OnInterrupt
                0x000016b8      0x178 ./Sources/Events.o
                0x000016b8                ENC_SW_2_OnInterrupt
 .text.ENC_SW_1_OnInterrupt
                0x00001830      0x178 ./Sources/Events.o
                0x00001830                ENC_SW_1_OnInterrupt
 .text.ENC_PB_OnInterrupt
                0x000019a8       0x18 ./Sources/Events.o
                0x000019a8                ENC_PB_OnInterrupt
 .text.TI1_SW_OnInterrupt
                0x000019c0       0x18 ./Sources/Events.o
                0x000019c0                TI1_SW_OnInterrupt
 .text.AD1_OnEnd
                0x000019d8       0x18 ./Sources/Events.o
                0x000019d8                AD1_OnEnd
 .text.AD1_OnCalibrationEnd
                0x000019f0        0xc ./Sources/Events.o
                0x000019f0                AD1_OnCalibrationEnd
 .text.main     0x000019fc      0x11c ./Sources/main.o
                0x000019fc                main
 .text.read_light
                0x00001b18       0xd8 ./Sources/main.o
                0x00001b18                read_light
 .text.read_temp
                0x00001bf0       0xd8 ./Sources/main.o
                0x00001bf0                read_temp
 .text.check_enc_pb
                0x00001cc8      0x128 ./Sources/main.o
                0x00001cc8                check_enc_pb
 .text.update_temp_display
                0x00001df0      0x20c ./Sources/main.o
                0x00001df0                update_temp_display
 .text.update_lux_display
                0x00001ffc      0x128 ./Sources/main.o
                0x00001ffc                update_lux_display
 .text.__flush_cache
                0x00002124       0x14 ./Project_Settings/Startup_Code/startup.o
                0x00002124                __flush_cache
 .text.__copy_rom_section
                0x00002138       0xe4 ./Project_Settings/Startup_Code/startup.o
                0x00002138                __copy_rom_section
 .text.__copy_rom_sections_to_ram
                0x0000221c       0xf8 ./Project_Settings/Startup_Code/startup.o
                0x0000221c                __copy_rom_sections_to_ram
 .text.zero_fill_bss
                0x00002314       0xbc ./Project_Settings/Startup_Code/startup.o
 .text.__init_registers
                0x000023d0       0x20 ./Project_Settings/Startup_Code/startup.o
                0x000023d0                __init_registers
 .text.__init_user
                0x000023f0        0xc ./Project_Settings/Startup_Code/startup.o
                0x000023f0                __init_user
 .text.__thumb_startup
                0x000023fc       0x50 ./Project_Settings/Startup_Code/startup.o
                0x000023fc                __thumb_startup
 .text.ClrSumV  0x0000244c       0x24 ./Generated_Code/AD1.o
 .text.AD1_HWEnDi
                0x00002470       0xe4 ./Generated_Code/AD1.o
                0x00002470                AD1_HWEnDi
 .text.AD1_MeasureChan
                0x00002554       0x6c ./Generated_Code/AD1.o
                0x00002554                AD1_MeasureChan
 .text.AD1_GetChanValue16
                0x000025c0       0x5c ./Generated_Code/AD1.o
                0x000025c0                AD1_GetChanValue16
 .text.AdcLdd1_OnMeasurementComplete
                0x0000261c      0x17c ./Generated_Code/AD1.o
                0x0000261c                AdcLdd1_OnMeasurementComplete
 .text.AD1_Init
                0x00002798       0x30 ./Generated_Code/AD1.o
                0x00002798                AD1_Init
 .text.AdcLdd1_Init
                0x000027c8      0x16c ./Generated_Code/AdcLdd1.o
                0x000027c8                AdcLdd1_Init
 .text.AdcLdd1_StartSingleMeasurement
                0x00002934       0x6c ./Generated_Code/AdcLdd1.o
                0x00002934                AdcLdd1_StartSingleMeasurement
 .text.AdcLdd1_CreateSampleGroup
                0x000029a0       0x74 ./Generated_Code/AdcLdd1.o
                0x000029a0                AdcLdd1_CreateSampleGroup
 .text.AdcLdd1_GetMeasuredValues
                0x00002a14       0x50 ./Generated_Code/AdcLdd1.o
                0x00002a14                AdcLdd1_GetMeasuredValues
 .text.AdcLdd1_GetCalibrationResultStatus
                0x00002a64      0x110 ./Generated_Code/AdcLdd1.o
                0x00002a64                AdcLdd1_GetCalibrationResultStatus
 .text.AdcLdd1_MeasurementCompleteInterrupt
                0x00002b74       0x40 ./Generated_Code/AdcLdd1.o
                0x00002b74                AdcLdd1_MeasurementCompleteInterrupt
 .text.BitIoLdd1_Init
                0x00002bb4       0xa8 ./Generated_Code/BitIoLdd1.o
                0x00002bb4                BitIoLdd1_Init
 .text.BitIoLdd2_Init
                0x00002c5c       0xa8 ./Generated_Code/BitIoLdd2.o
                0x00002c5c                BitIoLdd2_Init
 .text.BitIoLdd3_Init
                0x00002d04       0xa8 ./Generated_Code/BitIoLdd3.o
                0x00002d04                BitIoLdd3_Init
 .text.Components_Init
                0x00002dac       0x40 ./Generated_Code/Cpu.o
                0x00002dac                Components_Init
 .text.Cpu_ivINT_PORTB
                0x00002dec       0x20 ./Generated_Code/Cpu.o
                0x00002dec                Cpu_ivINT_PORTB
 .text.Cpu_INT_NMIInterrupt
                0x00002e0c       0x1c ./Generated_Code/Cpu.o
                0x00002e0c                Cpu_INT_NMIInterrupt
 .text.D_Cpin1_Init
                0x00002e28       0xa8 ./Generated_Code/D_Cpin1.o
                0x00002e28                D_Cpin1_Init
 .text.D_Cpin1_ClrVal
                0x00002ed0       0x20 ./Generated_Code/D_Cpin1.o
                0x00002ed0                D_Cpin1_ClrVal
 .text.D_Cpin1_SetVal
                0x00002ef0       0x20 ./Generated_Code/D_Cpin1.o
                0x00002ef0                D_Cpin1_SetVal
 .text.ExtIntLdd3_OnInterrupt
                0x00002f10       0x14 ./Generated_Code/ENC_PB.o
                0x00002f10                ExtIntLdd3_OnInterrupt
 .text.ExtIntLdd1_OnInterrupt
                0x00002f24       0x14 ./Generated_Code/ENC_SW_1.o
                0x00002f24                ExtIntLdd1_OnInterrupt
 .text.ExtIntLdd2_OnInterrupt
                0x00002f38       0x14 ./Generated_Code/ENC_SW_2.o
                0x00002f38                ExtIntLdd2_OnInterrupt
 .text.ExtIntLdd1_Init
                0x00002f4c       0xcc ./Generated_Code/ExtIntLdd1.o
                0x00002f4c                ExtIntLdd1_Init
 .text.ExtIntLdd1_Interrupt
                0x00003018       0x4c ./Generated_Code/ExtIntLdd1.o
                0x00003018                ExtIntLdd1_Interrupt
 .text.ExtIntLdd1_GetVal
                0x00003064       0x2c ./Generated_Code/ExtIntLdd1.o
                0x00003064                ExtIntLdd1_GetVal
 .text.ExtIntLdd2_Init
                0x00003090       0xcc ./Generated_Code/ExtIntLdd2.o
                0x00003090                ExtIntLdd2_Init
 .text.ExtIntLdd2_Interrupt
                0x0000315c       0x4c ./Generated_Code/ExtIntLdd2.o
                0x0000315c                ExtIntLdd2_Interrupt
 .text.ExtIntLdd2_GetVal
                0x000031a8       0x2c ./Generated_Code/ExtIntLdd2.o
                0x000031a8                ExtIntLdd2_GetVal
 .text.ExtIntLdd3_Init
                0x000031d4       0xc8 ./Generated_Code/ExtIntLdd3.o
                0x000031d4                ExtIntLdd3_Init
 .text.ExtIntLdd3_Interrupt
                0x0000329c       0x48 ./Generated_Code/ExtIntLdd3.o
                0x0000329c                ExtIntLdd3_Interrupt
 .text.ExtIntLdd3_GetVal
                0x000032e4       0x2c ./Generated_Code/ExtIntLdd3.o
                0x000032e4                ExtIntLdd3_GetVal
 .text.WriteCmd
                0x00003310       0x9c ./Generated_Code/PDC1.o
                0x00003310                WriteCmd
 .text.WriteData
                0x000033ac       0x9c ./Generated_Code/PDC1.o
                0x000033ac                WriteData
 .text.PDC1_SetPos
                0x00003448       0x3c ./Generated_Code/PDC1.o
                0x00003448                PDC1_SetPos
 .text.PDC1_Clear
                0x00003484       0x30 ./Generated_Code/PDC1.o
                0x00003484                PDC1_Clear
 .text.PDC1_ClearLine
                0x000034b4       0x3c ./Generated_Code/PDC1.o
                0x000034b4                PDC1_ClearLine
 .text.PDC1_Init
                0x000034f0       0xe8 ./Generated_Code/PDC1.o
                0x000034f0                PDC1_Init
 .text.PDC1_WriteChar
                0x000035d8       0x80 ./Generated_Code/PDC1.o
                0x000035d8                PDC1_WriteChar
 .text.PDC1_WriteString
                0x00003658       0x28 ./Generated_Code/PDC1.o
                0x00003658                PDC1_WriteString
 .text.PDC1_SetContrast
                0x00003680       0x34 ./Generated_Code/PDC1.o
                0x00003680                PDC1_SetContrast
 .text.SM1_OnBlockReceived
                0x000036b4       0x20 ./Generated_Code/PDC1.o
                0x000036b4                SM1_OnBlockReceived
 .text.PDC1_Splash
                0x000036d4       0x94 ./Generated_Code/PDC1.o
                0x000036d4                PDC1_Splash
 .text.PDC1_image
                0x00003768       0x88 ./Generated_Code/PDC1.o
                0x00003768                PDC1_image
 .text.PDC1_weather_image
                0x000037f0      0x224 ./Generated_Code/PDC1.o
                0x000037f0                PDC1_weather_image
 .text.DoubleNibble
                0x00003a14       0xa0 ./Generated_Code/PDC1.o
                0x00003a14                DoubleNibble
 .text.PDC1_MakeCharBigger
                0x00003ab4      0x130 ./Generated_Code/PDC1.o
                0x00003ab4                PDC1_MakeCharBigger
 .text.PDC1_WriteCharBigger
                0x00003be4       0xd8 ./Generated_Code/PDC1.o
                0x00003be4                PDC1_WriteCharBigger
 .text.PDC1_WriteStringBigger
                0x00003cbc       0x38 ./Generated_Code/PDC1.o
                0x00003cbc                PDC1_WriteStringBigger
 .text.RESpin1_Init
                0x00003cf4       0xa8 ./Generated_Code/RESpin1.o
                0x00003cf4                RESpin1_Init
 .text.RESpin1_ClrVal
                0x00003d9c       0x20 ./Generated_Code/RESpin1.o
                0x00003d9c                RESpin1_ClrVal
 .text.RESpin1_SetVal
                0x00003dbc       0x20 ./Generated_Code/RESpin1.o
                0x00003dbc                RESpin1_SetVal
 .text.SCEpin1_Init
                0x00003ddc       0xa8 ./Generated_Code/SCEpin1.o
                0x00003ddc                SCEpin1_Init
 .text.SCEpin1_ClrVal
                0x00003e84       0x20 ./Generated_Code/SCEpin1.o
                0x00003e84                SCEpin1_ClrVal
 .text.SCEpin1_SetVal
                0x00003ea4       0x20 ./Generated_Code/SCEpin1.o
                0x00003ea4                SCEpin1_SetVal
 .text.SM1_Init
                0x00003ec4      0x188 ./Generated_Code/SM1.o
                0x00003ec4                SM1_Init
 .text.SM1_ReceiveBlock
                0x0000404c       0xa0 ./Generated_Code/SM1.o
                0x0000404c                SM1_ReceiveBlock
 .text.SM1_SendBlock
                0x000040ec       0xb8 ./Generated_Code/SM1.o
                0x000040ec                SM1_SendBlock
 .text.SM1_Interrupt
                0x000041a4      0x13c ./Generated_Code/SM1.o
                0x000041a4                SM1_Interrupt
 .text.TimerIntLdd1_OnInterrupt
                0x000042e0       0x14 ./Generated_Code/TI1_SW.o
                0x000042e0                TimerIntLdd1_OnInterrupt
 .text.TU1_Init
                0x000042f4      0x178 ./Generated_Code/TU1.o
                0x000042f4                TU1_Init
 .text.TU1_Interrupt
                0x0000446c       0x7c ./Generated_Code/TU1.o
                0x0000446c                TU1_Interrupt
 .text.TimerIntLdd1_Init
                0x000044e8       0x58 ./Generated_Code/TimerIntLdd1.o
                0x000044e8                TimerIntLdd1_Init
 .text.TU1_OnCounterRestart
                0x00004540       0x24 ./Generated_Code/TimerIntLdd1.o
                0x00004540                TU1_OnCounterRestart
 .text.WAIT1_Wait10Cycles
                0x00004564        0x8 ./Generated_Code/WAIT1.o
                0x00004564                WAIT1_Wait10Cycles
 .text.WAIT1_Wait100Cycles
                0x0000456c       0x1c ./Generated_Code/WAIT1.o
                0x0000456c                WAIT1_Wait100Cycles
 .text.WAIT1_WaitCycles
                0x00004588       0x34 ./Generated_Code/WAIT1.o
                0x00004588                WAIT1_WaitCycles
 .text.WAIT1_WaitLongCycles
                0x000045bc       0x38 ./Generated_Code/WAIT1.o
                0x000045bc                WAIT1_WaitLongCycles
 .text.WAIT1_Waitms
                0x000045f4       0x2c ./Generated_Code/WAIT1.o
                0x000045f4                WAIT1_Waitms
 .text.floorf   0x00004620       0x84 c:/freescale/kds_2.0.0/toolchain/bin/../lib/gcc/arm-none-eabi/4.8.0/../../../../arm-none-eabi/lib/m4/fp/v4-sp-d16\libm.a(lib_a-sf_floor.o)
                0x00004620                floorf
 .text.memcpy   0x000046a4       0x12 c:/freescale/kds_2.0.0/toolchain/bin/../lib/gcc/arm-none-eabi/4.8.0/../../../../arm-none-eabi/lib/m4/fp/v4-sp-d16\libg_s.a(lib_a-memcpy.o)
                0x000046a4                memcpy
 *fill*         0x000046b6        0x2 
 .text.sprintf  0x000046b8       0x48 c:/freescale/kds_2.0.0/toolchain/bin/../lib/gcc/arm-none-eabi/4.8.0/../../../../arm-none-eabi/lib/m4/fp/v4-sp-d16\libg_s.a(lib_a-sprintf.o)
                0x000046b8                siprintf
                0x000046b8                sprintf
 .text.__ssputc_r
                0x00004700       0xac c:/freescale/kds_2.0.0/toolchain/bin/../lib/gcc/arm-none-eabi/4.8.0/../../../../arm-none-eabi/lib/m4/fp/v4-sp-d16\libg_s.a(lib_a-svfprintf.o)
                0x00004700                __ssputc_r
 .text._svfprintf_r
                0x000047ac      0x1f0 c:/freescale/kds_2.0.0/toolchain/bin/../lib/gcc/arm-none-eabi/4.8.0/../../../../arm-none-eabi/lib/m4/fp/v4-sp-d16\libg_s.a(lib_a-svfprintf.o)
                0x000047ac                _svfiprintf_r
                0x000047ac                _svfprintf_r
 .text._sbrk    0x0000499c       0x38 c:/freescale/kds_2.0.0/toolchain/bin/../lib/gcc/arm-none-eabi/4.8.0/../../../../arm-none-eabi/lib/m4/fp/v4-sp-d16\libg_s.a(lib_a-syscalls.o)
                0x0000499c                _sbrk
 .text._printf_common
                0x000049d4       0xe2 c:/freescale/kds_2.0.0/toolchain/bin/../lib/gcc/arm-none-eabi/4.8.0/../../../../arm-none-eabi/lib/m4/fp/v4-sp-d16\libg_s.a(lib_a-vfprintf_i.o)
                0x000049d4                _printf_common
 *fill*         0x00004ab6        0x2 
 .text._printf_i
                0x00004ab8      0x22c c:/freescale/kds_2.0.0/toolchain/bin/../lib/gcc/arm-none-eabi/4.8.0/../../../../arm-none-eabi/lib/m4/fp/v4-sp-d16\libg_s.a(lib_a-vfprintf_i.o)
                0x00004ab8                _printf_i
 .text.__errno  0x00004ce4        0xc c:/freescale/kds_2.0.0/toolchain/bin/../lib/gcc/arm-none-eabi/4.8.0/../../../../arm-none-eabi/lib/m4/fp/v4-sp-d16\libg_s.a(lib_a-errno.o)
                0x00004ce4                __errno
 .text._free_r  0x00004cf0       0x88 c:/freescale/kds_2.0.0/toolchain/bin/../lib/gcc/arm-none-eabi/4.8.0/../../../../arm-none-eabi/lib/m4/fp/v4-sp-d16\libg_s.a(lib_a-freer.o)
                0x00004cf0                _free_r
 .text._malloc_r
                0x00004d78       0x98 c:/freescale/kds_2.0.0/toolchain/bin/../lib/gcc/arm-none-eabi/4.8.0/../../../../arm-none-eabi/lib/m4/fp/v4-sp-d16\libg_s.a(lib_a-mallocr.o)
                0x00004d78                _malloc_r
 .text.memchr   0x00004e10       0x1e c:/freescale/kds_2.0.0/toolchain/bin/../lib/gcc/arm-none-eabi/4.8.0/../../../../arm-none-eabi/lib/m4/fp/v4-sp-d16\libg_s.a(lib_a-memchr.o)
                0x00004e10                memchr
 .text._realloc_r
                0x00004e2e       0x4c c:/freescale/kds_2.0.0/toolchain/bin/../lib/gcc/arm-none-eabi/4.8.0/../../../../arm-none-eabi/lib/m4/fp/v4-sp-d16\libg_s.a(lib_a-reallocr.o)
                0x00004e2e                _realloc_r
 *fill*         0x00004e7a        0x2 
 .text._sbrk_r  0x00004e7c       0x20 c:/freescale/kds_2.0.0/toolchain/bin/../lib/gcc/arm-none-eabi/4.8.0/../../../../arm-none-eabi/lib/m4/fp/v4-sp-d16\libg_s.a(lib_a-sbrkr.o)
                0x00004e7c                _sbrk_r
 .text.strlen   0x00004e9c       0x10 c:/freescale/kds_2.0.0/toolchain/bin/../lib/gcc/arm-none-eabi/4.8.0/../../../../arm-none-eabi/lib/m4/fp/v4-sp-d16\libg_s.a(lib_a-strlen.o)
                0x00004e9c                strlen
 .text._malloc_usable_size_r
                0x00004eac       0x12 c:/freescale/kds_2.0.0/toolchain/bin/../lib/gcc/arm-none-eabi/4.8.0/../../../../arm-none-eabi/lib/m4/fp/v4-sp-d16\libg_s.a(lib_a-msizer.o)
                0x00004eac                _malloc_usable_size_r
 *(.rodata)
 *fill*         0x00004ebe        0x2 
 .rodata        0x00004ec0       0x50 ./Sources/main.o
 .rodata        0x00004f10      0x2e0 ./Generated_Code/PDC1.o
 *(.rodata*)
 .rodata.ClockGenModeMatrix
                0x000051f0       0x80 ./Static_Code/System/CPU_Init.o
 .rodata.CPU_ClockConfigDescriptors
                0x00005270       0x1c ./Static_Code/System/CPU_Init.o
 .rodata.CPU_DefaultFEI
                0x0000528c        0x8 ./Static_Code/System/CPU_Init.o
 .rodata.CPU_DefaultFBI
                0x00005294        0x8 ./Static_Code/System/CPU_Init.o
 .rodata.CPU_DefaultBLPI
                0x0000529c        0x8 ./Static_Code/System/CPU_Init.o
 .rodata.CPU_DefaultFEE
                0x000052a4        0x8 ./Static_Code/System/CPU_Init.o
 .rodata.CPU_DefaultFBE
                0x000052ac        0x8 ./Static_Code/System/CPU_Init.o
 .rodata.CPU_DefaultBLPE
                0x000052b4        0x8 ./Static_Code/System/CPU_Init.o
 .rodata.CPU_DefaultPBE
                0x000052bc        0x8 ./Static_Code/System/CPU_Init.o
 .rodata.CPU_DefaultPEE
                0x000052c4        0x8 ./Static_Code/System/CPU_Init.o
 .rodata.CPU_ClockGenModeRegs
                0x000052cc       0x20 ./Static_Code/System/CPU_Init.o
 .rodata.Table  0x000052ec        0x4 ./Generated_Code/AD1.o
 .rodata.ChannelToPin
                0x000052f0        0x4 ./Generated_Code/AdcLdd1.o
 .rodata.table  0x000052f4      0x1e0 ./Generated_Code/PDC1.o
 .rodata.str1.1
                0x000054d4        0x2 c:/freescale/kds_2.0.0/toolchain/bin/../lib/gcc/arm-none-eabi/4.8.0/../../../../arm-none-eabi/lib/m4/fp/v4-sp-d16\libg_s.a(lib_a-impure.o)
 .rodata.str1.1
                0x000054d6       0x11 c:/freescale/kds_2.0.0/toolchain/bin/../lib/gcc/arm-none-eabi/4.8.0/../../../../arm-none-eabi/lib/m4/fp/v4-sp-d16\libg_s.a(lib_a-svfprintf.o)
 .rodata.str1.1
                0x000054e7       0x22 c:/freescale/kds_2.0.0/toolchain/bin/../lib/gcc/arm-none-eabi/4.8.0/../../../../arm-none-eabi/lib/m4/fp/v4-sp-d16\libg_s.a(lib_a-vfprintf_i.o)
 *(.glue_7)
 .glue_7        0x00000000        0x0 linker stubs
 *(.glue_7t)
 .glue_7t       0x00000000        0x0 linker stubs
 *(.eh_frame)
 *fill*         0x00005509        0x3 
 .eh_frame      0x0000550c        0x0 c:/freescale/kds_2.0.0/toolchain/bin/../lib/gcc/arm-none-eabi/4.8.0/m4/fp/v4-sp-d16/crtbegin.o
 *(.init)
 .init          0x0000550c        0x4 c:/freescale/kds_2.0.0/toolchain/bin/../lib/gcc/arm-none-eabi/4.8.0/m4/fp/v4-sp-d16/crti.o
                0x0000550c                _init
 .init          0x00005510        0x8 c:/freescale/kds_2.0.0/toolchain/bin/../lib/gcc/arm-none-eabi/4.8.0/m4/fp/v4-sp-d16/crtn.o
 *(.fini)
 .fini          0x00005518        0x4 c:/freescale/kds_2.0.0/toolchain/bin/../lib/gcc/arm-none-eabi/4.8.0/m4/fp/v4-sp-d16/crti.o
                0x00005518                _fini
 .fini          0x0000551c        0x8 c:/freescale/kds_2.0.0/toolchain/bin/../lib/gcc/arm-none-eabi/4.8.0/m4/fp/v4-sp-d16/crtn.o
                0x00005524                . = ALIGN (0x4)
                0x00005524                _etext = .

.vfp11_veneer   0x00005524        0x0
 .vfp11_veneer  0x00000000        0x0 linker stubs

.v4_bx          0x00005524        0x0
 .v4_bx         0x00000000        0x0 linker stubs

.iplt           0x00005524        0x0
 .iplt          0x00000000        0x0 c:/freescale/kds_2.0.0/toolchain/bin/../lib/gcc/arm-none-eabi/4.8.0/m4/fp/v4-sp-d16/crtbegin.o

.rel.dyn        0x00005524        0x0
 .rel.iplt      0x00000000        0x0 c:/freescale/kds_2.0.0/toolchain/bin/../lib/gcc/arm-none-eabi/4.8.0/m4/fp/v4-sp-d16/crtbegin.o

.ARM.extab
 *(.ARM.extab* .gnu.linkonce.armextab.*)

.ARM            0x00005524        0x0
                0x00005524                __exidx_start = .
 *(.ARM.exidx*)
                0x00005524                __exidx_end = .

.ctors          0x00005524        0x0
                0x00005524                __CTOR_LIST__ = .
 *crtbegin.o(.ctors)
 *(EXCLUDE_FILE(*crtend.o) .ctors)
 *(SORT(.ctors.*))
 *(.ctors)
                0x00005524                __CTOR_END__ = .

.dtors          0x00005524        0x0
                0x00005524                __DTOR_LIST__ = .
 *crtbegin.o(.dtors)
 *(EXCLUDE_FILE(*crtend.o) .dtors)
 *(SORT(.dtors.*))
 *(.dtors)
                0x00005524                __DTOR_END__ = .

.preinit_array  0x00005524        0x0
                0x00005524                PROVIDE (__preinit_array_start, .)
 *(.preinit_array*)
                0x00005524                PROVIDE (__preinit_array_end, .)

.init_array     0x00005524        0x4
                0x00005524                PROVIDE (__init_array_start, .)
 *(SORT(.init_array.*))
 *(.init_array*)
 .init_array    0x00005524        0x4 c:/freescale/kds_2.0.0/toolchain/bin/../lib/gcc/arm-none-eabi/4.8.0/m4/fp/v4-sp-d16/crtbegin.o
                0x00005528                PROVIDE (__init_array_end, .)

.fini_array     0x00005528        0x4
                0x00005528                PROVIDE (__fini_array_start, .)
 *(SORT(.fini_array.*))
 *(.fini_array*)
 .fini_array    0x00005528        0x4 c:/freescale/kds_2.0.0/toolchain/bin/../lib/gcc/arm-none-eabi/4.8.0/m4/fp/v4-sp-d16/crtbegin.o
                0x0000552c                PROVIDE (__fini_array_end, .)
                0x0000552c                ___ROM_AT = .

.data           0x20000000      0x2ac load address 0x0000552c
                0x20000000                . = ALIGN (0x4)
                0x20000000                _sdata = .
 *(.data)
 *(.data*)
 .data.pb       0x20000000        0x4 ./Sources/Events.o
                0x20000000                pb
 .data.conv_type
                0x20000004        0x4 ./Sources/main.o
                0x20000004                conv_type
 .data.lux_flag
                0x20000008        0x4 ./Sources/main.o
                0x20000008                lux_flag
 .data.mode     0x2000000c        0x4 ./Sources/main.o
                0x2000000c                mode
 .data.impure_data
                0x20000010      0x298 c:/freescale/kds_2.0.0/toolchain/bin/../lib/gcc/arm-none-eabi/4.8.0/../../../../arm-none-eabi/lib/m4/fp/v4-sp-d16\libg_s.a(lib_a-impure.o)
 .data._impure_ptr
                0x200002a8        0x4 c:/freescale/kds_2.0.0/toolchain/bin/../lib/gcc/arm-none-eabi/4.8.0/../../../../arm-none-eabi/lib/m4/fp/v4-sp-d16\libg_s.a(lib_a-impure.o)
                0x200002a8                _impure_ptr
                0x200002ac                . = ALIGN (0x4)
                0x200002ac                _edata = .
                0x000002ac                ___data_size = (_edata - _sdata)
                0x000057d8                ___m_data_1FFF0000_ROMStart = (___ROM_AT + SIZEOF (.data))

.jcr            0x200002ac        0x0 load address 0x000057d8
 .jcr           0x200002ac        0x0 c:/freescale/kds_2.0.0/toolchain/bin/../lib/gcc/arm-none-eabi/4.8.0/m4/fp/v4-sp-d16/crtbegin.o

.tm_clone_table
                0x200002ac        0x0 load address 0x000057d8
 .tm_clone_table
                0x200002ac        0x0 c:/freescale/kds_2.0.0/toolchain/bin/../lib/gcc/arm-none-eabi/4.8.0/m4/fp/v4-sp-d16/crtbegin.o
 .tm_clone_table
                0x200002ac        0x0 c:/freescale/kds_2.0.0/toolchain/bin/../lib/gcc/arm-none-eabi/4.8.0/m4/fp/v4-sp-d16/crtend.o

.igot.plt       0x200002ac        0x0 load address 0x000057d8
 .igot.plt      0x00000000        0x0 c:/freescale/kds_2.0.0/toolchain/bin/../lib/gcc/arm-none-eabi/4.8.0/m4/fp/v4-sp-d16/crtbegin.o

.m_data_1FFF0000
                0x1fff0000        0x0 load address 0x000057d8
                0x1fff0000                . = ALIGN (0x4)
                0x1fff0000                ___m_data_1FFF0000_RAMStart = .
 *(.m_data_1FFF0000)
                0x1fff0000                ___m_data_1FFF0000_RAMEnd = .
                0x1fff0000                . = ALIGN (0x4)
                0x00000000                ___m_data_1FFF0000_ROMSize = (___m_data_1FFF0000_RAMEnd - ___m_data_1FFF0000_RAMStart)
                0x1fff0000                . = ALIGN (0x4)

.bss            0x200002ac      0x284 load address 0x000057d8
                0x200002ac                __START_BSS = .
                0x200002ac                PROVIDE (__bss_start__, __START_BSS)
 *(.bss)
 *(.bss*)
 .bss.completed.6137
                0x200002ac        0x1 c:/freescale/kds_2.0.0/toolchain/bin/../lib/gcc/arm-none-eabi/4.8.0/m4/fp/v4-sp-d16/crtbegin.o
 *fill*         0x200002ad        0x3 
 .bss.object.6142
                0x200002b0       0x18 c:/freescale/kds_2.0.0/toolchain/bin/../lib/gcc/arm-none-eabi/4.8.0/m4/fp/v4-sp-d16/crtbegin.o
 .bss.SR_lock   0x200002c8        0x1 ./Static_Code/System/CPU_Init.o
                0x200002c8                SR_lock
 *fill*         0x200002c9        0x3 
 .bss.old_enc   0x200002cc        0x4 ./Sources/Events.o
                0x200002cc                old_enc
 .bss.t1        0x200002d0        0x1 ./Sources/Events.o
 .bss.t2        0x200002d1        0x1 ./Sources/Events.o
 *fill*         0x200002d2        0x2 
 .bss.enc       0x200002d4        0x4 ./Sources/Events.o
 .bss.counter   0x200002d8        0x4 ./Sources/Events.o
                0x200002d8                counter
 .bss.enc_write_flag
                0x200002dc        0x4 ./Sources/Events.o
                0x200002dc                enc_write_flag
 .bss.count     0x200002e0        0x4 ./Sources/main.o
                0x200002e0                count
 .bss.enc_pb_flag
                0x200002e4        0x4 ./Sources/main.o
                0x200002e4                enc_pb_flag
 .bss.temp_flag
                0x200002e8        0x4 ./Sources/main.o
                0x200002e8                temp_flag
 .bss.hold      0x200002ec        0x4 ./Sources/main.o
                0x200002ec                hold
 .bss.argv      0x200002f0       0x28 ./Project_Settings/Startup_Code/startup.o
 .bss.SumChan   0x20000318        0x1 ./Generated_Code/AD1.o
 .bss.ModeFlg   0x20000319        0x1 ./Generated_Code/AD1.o
 *fill*         0x2000031a        0x2 
 .bss.SampleGroup
                0x2000031c        0x4 ./Generated_Code/AD1.o
 .bss.OutFlg    0x20000320        0x1 ./Generated_Code/AD1.o
 *fill*         0x20000321        0x3 
 .bss.DeviceDataPrv__DEFAULT_RTOS_ALLOC
                0x20000324        0x8 ./Generated_Code/AdcLdd1.o
 .bss.INT_ADC1__DEFAULT_RTOS_ISRPARAM
                0x2000032c        0x4 ./Generated_Code/AdcLdd1.o
 .bss.DeviceDataPrv__DEFAULT_RTOS_ALLOC
                0x20000330        0x4 ./Generated_Code/BitIoLdd1.o
 .bss.DeviceDataPrv__DEFAULT_RTOS_ALLOC
                0x20000334        0x4 ./Generated_Code/BitIoLdd2.o
 .bss.DeviceDataPrv__DEFAULT_RTOS_ALLOC
                0x20000338        0x4 ./Generated_Code/BitIoLdd3.o
 .bss.DeviceDataPrv__DEFAULT_RTOS_ALLOC
                0x2000033c        0x4 ./Generated_Code/D_Cpin1.o
 .bss.DeviceDataPrv__DEFAULT_RTOS_ALLOC
                0x20000340        0x4 ./Generated_Code/ExtIntLdd1.o
 .bss.INT_PORTB__DEFAULT_RTOS_ISRPARAM
                0x20000344        0x4 ./Generated_Code/ExtIntLdd1.o
 .bss.DeviceDataPrv__DEFAULT_RTOS_ALLOC
                0x20000348        0x4 ./Generated_Code/ExtIntLdd2.o
 .bss.INT_PORTB__DEFAULT_RTOS_ISRPARAM
                0x2000034c        0x4 ./Generated_Code/ExtIntLdd2.o
 .bss.DeviceDataPrv__DEFAULT_RTOS_ALLOC
                0x20000350        0x4 ./Generated_Code/ExtIntLdd3.o
 .bss.INT_PORTC__DEFAULT_RTOS_ISRPARAM
                0x20000354        0x4 ./Generated_Code/ExtIntLdd3.o
 .bss.RES_DeviceData
                0x20000358        0x4 ./Generated_Code/PDC1.o
 .bss.SCE_DeviceData
                0x2000035c        0x4 ./Generated_Code/PDC1.o
 .bss.D_C_DeviceData
                0x20000360        0x4 ./Generated_Code/PDC1.o
 .bss.PDC1_DataReceivedFlag
                0x20000364        0x1 ./Generated_Code/PDC1.o
 *fill*         0x20000365        0x3 
 .bss.bigger.6543
                0x20000368       0x50 ./Generated_Code/PDC1.o
 .bss.PE_LDD_DeviceDataList
                0x200003b8       0x34 ./Generated_Code/PE_LDD.o
                0x200003b8                PE_LDD_DeviceDataList
 .bss.DeviceDataPrv__DEFAULT_RTOS_ALLOC
                0x200003ec        0x4 ./Generated_Code/RESpin1.o
 .bss.DeviceDataPrv__DEFAULT_RTOS_ALLOC
                0x200003f0        0x4 ./Generated_Code/SCEpin1.o
 .bss.DeviceDataPrv__DEFAULT_RTOS_ALLOC
                0x200003f4       0x20 ./Generated_Code/SM1.o
 .bss.INT_SPI0__DEFAULT_RTOS_ISRPARAM
                0x20000414        0x4 ./Generated_Code/SM1.o
 .bss.DeviceDataPrv__DEFAULT_RTOS_ALLOC
                0x20000418       0x10 ./Generated_Code/TU1.o
 .bss.INT_FTM0__DEFAULT_RTOS_ISRPARAM
                0x20000428        0x4 ./Generated_Code/TU1.o
 .bss.DeviceDataPrv__DEFAULT_RTOS_ALLOC
                0x2000042c        0xc ./Generated_Code/TimerIntLdd1.o
 .bss.heap_end.5175
                0x20000438        0x4 c:/freescale/kds_2.0.0/toolchain/bin/../lib/gcc/arm-none-eabi/4.8.0/../../../../arm-none-eabi/lib/m4/fp/v4-sp-d16\libg_s.a(lib_a-syscalls.o)
 .bss.__malloc_free_list
                0x2000043c        0x4 c:/freescale/kds_2.0.0/toolchain/bin/../lib/gcc/arm-none-eabi/4.8.0/../../../../arm-none-eabi/lib/m4/fp/v4-sp-d16\libg_s.a(lib_a-mallocr.o)
                0x2000043c                __malloc_free_list
 *(COMMON)
 COMMON         0x20000440        0x1 ./Static_Code/System/CPU_Init.o
                0x20000440                SR_reg
 *fill*         0x20000441        0x3 
 COMMON         0x20000444       0x10 ./Sources/Events.o
                0x20000444                rot
                0x20000448                read_1
                0x2000044c                adc1_flag
                0x20000450                timer_1s
 COMMON         0x20000454       0xd0 ./Sources/main.o
                0x20000454                light_mV
                0x20000458                light_ratio
                0x2000045c                light
                0x20000460                res_str
                0x20000488                x_pos
                0x2000048c                temp_C
                0x20000490                temp_int
                0x20000494                dec_str
                0x200004a4                Val
                0x200004a8                temp_adc
                0x200004ac                button_pressed
                0x200004b0                temp_mV
                0x200004b4                resistance
                0x200004b8                lux_str
                0x200004e0                str
                0x20000508                char_col
                0x2000050c                temp_F
                0x20000510                temp_dec
                0x20000514                int_str
 COMMON         0x20000524        0x8 ./Generated_Code/AD1.o
                0x20000524                AD1_OutV
                0x20000528                AdcLdd1_DeviceDataPtr
 COMMON         0x2000052c        0x4 c:/freescale/kds_2.0.0/toolchain/bin/../lib/gcc/arm-none-eabi/4.8.0/../../../../arm-none-eabi/lib/m4/fp/v4-sp-d16\libg_s.a(lib_a-reent.o)
                0x2000052c                errno
                0x20000530                . = ALIGN (0x4)
                0x20000530                __END_BSS = .
                0x20000530                PROVIDE (__bss_end__, __END_BSS)
                0x000057d8                _romp_at = ((___ROM_AT + SIZEOF (.data)) + SIZEOF (.m_data_1FFF0000))

.romp           0x20000530       0x24 load address 0x000057d8
                0x000057d8                __S_romp = _romp_at
                0x20000530        0x4 LONG 0x552c ___ROM_AT
                0x20000534        0x4 LONG 0x20000000 _sdata
                0x20000538        0x4 LONG 0x2ac ___data_size
                0x2000053c        0x4 LONG 0x57d8 ___m_data_1FFF0000_ROMStart
                0x20000540        0x4 LONG 0x1fff0000 ___m_data_1FFF0000_RAMStart
                0x20000544        0x4 LONG 0x0 ___m_data_1FFF0000_ROMSize
                0x20000548        0x4 LONG 0x0
                0x2000054c        0x4 LONG 0x0
                0x20000550        0x4 LONG 0x0

._user_heap_stack
                0x20000554      0x400 load address 0x000057fc
                0x20000554                . = ALIGN (0x4)
                0x20000554                PROVIDE (end, .)
                0x20000554                PROVIDE (_end, .)
                0x20000554                __heap_addr = .
                0x20000554                __HeapBase = .
                0x20000554                . = (. + __heap_size)
                0x20000554                __HeapLimit = .
                0x20000954                . = (. + __stack_size)
 *fill*         0x20000554      0x400 
                0x20000954                . = ALIGN (0x4)

.ARM.attributes
                0x00000000       0x37
 *(.ARM.attributes)
 .ARM.attributes
                0x00000000       0x27 c:/freescale/kds_2.0.0/toolchain/bin/../lib/gcc/arm-none-eabi/4.8.0/m4/fp/v4-sp-d16/crti.o
 .ARM.attributes
                0x00000027       0x39 c:/freescale/kds_2.0.0/toolchain/bin/../lib/gcc/arm-none-eabi/4.8.0/m4/fp/v4-sp-d16/crtbegin.o
 .ARM.attributes
                0x00000060       0x39 ./Static_Code/System/CPU_Init.o
 .ARM.attributes
                0x00000099       0x39 ./Static_Code/System/Vectors.o
 .ARM.attributes
                0x000000d2       0x39 ./Sources/Events.o
 .ARM.attributes
                0x0000010b       0x39 ./Sources/main.o
 .ARM.attributes
                0x00000144       0x39 ./Project_Settings/Startup_Code/startup.o
 .ARM.attributes
                0x0000017d       0x39 ./Generated_Code/AD1.o
 .ARM.attributes
                0x000001b6       0x39 ./Generated_Code/AdcLdd1.o
 .ARM.attributes
                0x000001ef       0x39 ./Generated_Code/BitIoLdd1.o
 .ARM.attributes
                0x00000228       0x39 ./Generated_Code/BitIoLdd2.o
 .ARM.attributes
                0x00000261       0x39 ./Generated_Code/BitIoLdd3.o
 .ARM.attributes
                0x0000029a       0x39 ./Generated_Code/Cpu.o
 .ARM.attributes
                0x000002d3       0x39 ./Generated_Code/D_Cpin1.o
 .ARM.attributes
                0x0000030c       0x39 ./Generated_Code/ENC_PB.o
 .ARM.attributes
                0x00000345       0x39 ./Generated_Code/ENC_SW_1.o
 .ARM.attributes
                0x0000037e       0x39 ./Generated_Code/ENC_SW_2.o
 .ARM.attributes
                0x000003b7       0x39 ./Generated_Code/ExtIntLdd1.o
 .ARM.attributes
                0x000003f0       0x39 ./Generated_Code/ExtIntLdd2.o
 .ARM.attributes
                0x00000429       0x39 ./Generated_Code/ExtIntLdd3.o
 .ARM.attributes
                0x00000462       0x39 ./Generated_Code/PDC1.o
 .ARM.attributes
                0x0000049b       0x39 ./Generated_Code/PE_LDD.o
 .ARM.attributes
                0x000004d4       0x39 ./Generated_Code/RESpin1.o
 .ARM.attributes
                0x0000050d       0x39 ./Generated_Code/SCEpin1.o
 .ARM.attributes
                0x00000546       0x39 ./Generated_Code/SM1.o
 .ARM.attributes
                0x0000057f       0x39 ./Generated_Code/TI1_SW.o
 .ARM.attributes
                0x000005b8       0x39 ./Generated_Code/TU1.o
 .ARM.attributes
                0x000005f1       0x39 ./Generated_Code/TimerIntLdd1.o
 .ARM.attributes
                0x0000062a       0x39 ./Generated_Code/WAIT1.o
 .ARM.attributes
                0x00000663       0x39 c:/freescale/kds_2.0.0/toolchain/bin/../lib/gcc/arm-none-eabi/4.8.0/../../../../arm-none-eabi/lib/m4/fp/v4-sp-d16\libm.a(lib_a-sf_floor.o)
 .ARM.attributes
                0x0000069c       0x27 c:/freescale/kds_2.0.0/toolchain/bin/../lib/gcc/arm-none-eabi/4.8.0/m4/fp/v4-sp-d16\libgcc.a(_arm_addsubdf3.o)
 .ARM.attributes
                0x000006c3       0x27 c:/freescale/kds_2.0.0/toolchain/bin/../lib/gcc/arm-none-eabi/4.8.0/m4/fp/v4-sp-d16\libgcc.a(_arm_muldivdf3.o)
 .ARM.attributes
                0x000006ea       0x27 c:/freescale/kds_2.0.0/toolchain/bin/../lib/gcc/arm-none-eabi/4.8.0/m4/fp/v4-sp-d16\libgcc.a(_arm_truncdfsf2.o)
 .ARM.attributes
                0x00000711       0x39 c:/freescale/kds_2.0.0/toolchain/bin/../lib/gcc/arm-none-eabi/4.8.0/../../../../arm-none-eabi/lib/m4/fp/v4-sp-d16\libg_s.a(lib_a-impure.o)
 .ARM.attributes
                0x0000074a       0x39 c:/freescale/kds_2.0.0/toolchain/bin/../lib/gcc/arm-none-eabi/4.8.0/../../../../arm-none-eabi/lib/m4/fp/v4-sp-d16\libg_s.a(lib_a-memcpy.o)
 .ARM.attributes
                0x00000783       0x39 c:/freescale/kds_2.0.0/toolchain/bin/../lib/gcc/arm-none-eabi/4.8.0/../../../../arm-none-eabi/lib/m4/fp/v4-sp-d16\libg_s.a(lib_a-sprintf.o)
 .ARM.attributes
                0x000007bc       0x39 c:/freescale/kds_2.0.0/toolchain/bin/../lib/gcc/arm-none-eabi/4.8.0/../../../../arm-none-eabi/lib/m4/fp/v4-sp-d16\libg_s.a(lib_a-svfprintf.o)
 .ARM.attributes
                0x000007f5       0x39 c:/freescale/kds_2.0.0/toolchain/bin/../lib/gcc/arm-none-eabi/4.8.0/../../../../arm-none-eabi/lib/m4/fp/v4-sp-d16\libg_s.a(lib_a-syscalls.o)
 .ARM.attributes
                0x0000082e       0x39 c:/freescale/kds_2.0.0/toolchain/bin/../lib/gcc/arm-none-eabi/4.8.0/../../../../arm-none-eabi/lib/m4/fp/v4-sp-d16\libg_s.a(lib_a-vfprintf_i.o)
 .ARM.attributes
                0x00000867       0x39 c:/freescale/kds_2.0.0/toolchain/bin/../lib/gcc/arm-none-eabi/4.8.0/../../../../arm-none-eabi/lib/m4/fp/v4-sp-d16\libg_s.a(lib_a-errno.o)
 .ARM.attributes
                0x000008a0       0x39 c:/freescale/kds_2.0.0/toolchain/bin/../lib/gcc/arm-none-eabi/4.8.0/../../../../arm-none-eabi/lib/m4/fp/v4-sp-d16\libg_s.a(lib_a-freer.o)
 .ARM.attributes
                0x000008d9       0x39 c:/freescale/kds_2.0.0/toolchain/bin/../lib/gcc/arm-none-eabi/4.8.0/../../../../arm-none-eabi/lib/m4/fp/v4-sp-d16\libg_s.a(lib_a-mallocr.o)
 .ARM.attributes
                0x00000912       0x39 c:/freescale/kds_2.0.0/toolchain/bin/../lib/gcc/arm-none-eabi/4.8.0/../../../../arm-none-eabi/lib/m4/fp/v4-sp-d16\libg_s.a(lib_a-memchr.o)
 .ARM.attributes
                0x0000094b       0x39 c:/freescale/kds_2.0.0/toolchain/bin/../lib/gcc/arm-none-eabi/4.8.0/../../../../arm-none-eabi/lib/m4/fp/v4-sp-d16\libg_s.a(lib_a-reallocr.o)
 .ARM.attributes
                0x00000984       0x39 c:/freescale/kds_2.0.0/toolchain/bin/../lib/gcc/arm-none-eabi/4.8.0/../../../../arm-none-eabi/lib/m4/fp/v4-sp-d16\libg_s.a(lib_a-sbrkr.o)
 .ARM.attributes
                0x000009bd       0x39 c:/freescale/kds_2.0.0/toolchain/bin/../lib/gcc/arm-none-eabi/4.8.0/../../../../arm-none-eabi/lib/m4/fp/v4-sp-d16\libg_s.a(lib_a-strlen.o)
 .ARM.attributes
                0x000009f6       0x39 c:/freescale/kds_2.0.0/toolchain/bin/../lib/gcc/arm-none-eabi/4.8.0/../../../../arm-none-eabi/lib/m4/fp/v4-sp-d16\libg_s.a(lib_a-msizer.o)
 .ARM.attributes
                0x00000a2f       0x39 c:/freescale/kds_2.0.0/toolchain/bin/../lib/gcc/arm-none-eabi/4.8.0/../../../../arm-none-eabi/lib/m4/fp/v4-sp-d16\libg_s.a(lib_a-reent.o)
 .ARM.attributes
                0x00000a68       0x39 c:/freescale/kds_2.0.0/toolchain/bin/../lib/gcc/arm-none-eabi/4.8.0/m4/fp/v4-sp-d16/crtend.o
 .ARM.attributes
                0x00000aa1       0x27 c:/freescale/kds_2.0.0/toolchain/bin/../lib/gcc/arm-none-eabi/4.8.0/m4/fp/v4-sp-d16/crtn.o
OUTPUT(Lab2.elf elf32-littlearm)

.comment        0x00000000       0x2a
 .comment       0x00000000       0x2a c:/freescale/kds_2.0.0/toolchain/bin/../lib/gcc/arm-none-eabi/4.8.0/m4/fp/v4-sp-d16/crtbegin.o
                                 0x2b (size before relaxing)
 .comment       0x00000000       0x2b ./Static_Code/System/CPU_Init.o
 .comment       0x00000000       0x2b ./Static_Code/System/Vectors.o
 .comment       0x00000000       0x2b ./Sources/Events.o
 .comment       0x00000000       0x2b ./Sources/main.o
 .comment       0x00000000       0x2b ./Project_Settings/Startup_Code/startup.o
 .comment       0x00000000       0x2b ./Generated_Code/AD1.o
 .comment       0x00000000       0x2b ./Generated_Code/AdcLdd1.o
 .comment       0x00000000       0x2b ./Generated_Code/BitIoLdd1.o
 .comment       0x00000000       0x2b ./Generated_Code/BitIoLdd2.o
 .comment       0x00000000       0x2b ./Generated_Code/BitIoLdd3.o
 .comment       0x00000000       0x2b ./Generated_Code/Cpu.o
 .comment       0x00000000       0x2b ./Generated_Code/D_Cpin1.o
 .comment       0x00000000       0x2b ./Generated_Code/ENC_PB.o
 .comment       0x00000000       0x2b ./Generated_Code/ENC_SW_1.o
 .comment       0x00000000       0x2b ./Generated_Code/ENC_SW_2.o
 .comment       0x00000000       0x2b ./Generated_Code/ExtIntLdd1.o
 .comment       0x00000000       0x2b ./Generated_Code/ExtIntLdd2.o
 .comment       0x00000000       0x2b ./Generated_Code/ExtIntLdd3.o
 .comment       0x00000000       0x2b ./Generated_Code/PDC1.o
 .comment       0x00000000       0x2b ./Generated_Code/PE_LDD.o
 .comment       0x00000000       0x2b ./Generated_Code/RESpin1.o
 .comment       0x00000000       0x2b ./Generated_Code/SCEpin1.o
 .comment       0x00000000       0x2b ./Generated_Code/SM1.o
 .comment       0x00000000       0x2b ./Generated_Code/TI1_SW.o
 .comment       0x00000000       0x2b ./Generated_Code/TU1.o
 .comment       0x00000000       0x2b ./Generated_Code/TimerIntLdd1.o
 .comment       0x00000000       0x2b ./Generated_Code/WAIT1.o
 .comment       0x00000000       0x2b c:/freescale/kds_2.0.0/toolchain/bin/../lib/gcc/arm-none-eabi/4.8.0/../../../../arm-none-eabi/lib/m4/fp/v4-sp-d16\libm.a(lib_a-sf_floor.o)
 .comment       0x00000000       0x2b c:/freescale/kds_2.0.0/toolchain/bin/../lib/gcc/arm-none-eabi/4.8.0/../../../../arm-none-eabi/lib/m4/fp/v4-sp-d16\libg_s.a(lib_a-impure.o)
 .comment       0x00000000       0x2b c:/freescale/kds_2.0.0/toolchain/bin/../lib/gcc/arm-none-eabi/4.8.0/../../../../arm-none-eabi/lib/m4/fp/v4-sp-d16\libg_s.a(lib_a-memcpy.o)
 .comment       0x00000000       0x2b c:/freescale/kds_2.0.0/toolchain/bin/../lib/gcc/arm-none-eabi/4.8.0/../../../../arm-none-eabi/lib/m4/fp/v4-sp-d16\libg_s.a(lib_a-sprintf.o)
 .comment       0x00000000       0x2b c:/freescale/kds_2.0.0/toolchain/bin/../lib/gcc/arm-none-eabi/4.8.0/../../../../arm-none-eabi/lib/m4/fp/v4-sp-d16\libg_s.a(lib_a-svfprintf.o)
 .comment       0x00000000       0x2b c:/freescale/kds_2.0.0/toolchain/bin/../lib/gcc/arm-none-eabi/4.8.0/../../../../arm-none-eabi/lib/m4/fp/v4-sp-d16\libg_s.a(lib_a-syscalls.o)
 .comment       0x00000000       0x2b c:/freescale/kds_2.0.0/toolchain/bin/../lib/gcc/arm-none-eabi/4.8.0/../../../../arm-none-eabi/lib/m4/fp/v4-sp-d16\libg_s.a(lib_a-vfprintf_i.o)
 .comment       0x00000000       0x2b c:/freescale/kds_2.0.0/toolchain/bin/../lib/gcc/arm-none-eabi/4.8.0/../../../../arm-none-eabi/lib/m4/fp/v4-sp-d16\libg_s.a(lib_a-errno.o)
 .comment       0x00000000       0x2b c:/freescale/kds_2.0.0/toolchain/bin/../lib/gcc/arm-none-eabi/4.8.0/../../../../arm-none-eabi/lib/m4/fp/v4-sp-d16\libg_s.a(lib_a-freer.o)
 .comment       0x00000000       0x2b c:/freescale/kds_2.0.0/toolchain/bin/../lib/gcc/arm-none-eabi/4.8.0/../../../../arm-none-eabi/lib/m4/fp/v4-sp-d16\libg_s.a(lib_a-mallocr.o)
 .comment       0x00000000       0x2b c:/freescale/kds_2.0.0/toolchain/bin/../lib/gcc/arm-none-eabi/4.8.0/../../../../arm-none-eabi/lib/m4/fp/v4-sp-d16\libg_s.a(lib_a-memchr.o)
 .comment       0x00000000       0x2b c:/freescale/kds_2.0.0/toolchain/bin/../lib/gcc/arm-none-eabi/4.8.0/../../../../arm-none-eabi/lib/m4/fp/v4-sp-d16\libg_s.a(lib_a-reallocr.o)
 .comment       0x00000000       0x2b c:/freescale/kds_2.0.0/toolchain/bin/../lib/gcc/arm-none-eabi/4.8.0/../../../../arm-none-eabi/lib/m4/fp/v4-sp-d16\libg_s.a(lib_a-sbrkr.o)
 .comment       0x00000000       0x2b c:/freescale/kds_2.0.0/toolchain/bin/../lib/gcc/arm-none-eabi/4.8.0/../../../../arm-none-eabi/lib/m4/fp/v4-sp-d16\libg_s.a(lib_a-strlen.o)
 .comment       0x00000000       0x2b c:/freescale/kds_2.0.0/toolchain/bin/../lib/gcc/arm-none-eabi/4.8.0/../../../../arm-none-eabi/lib/m4/fp/v4-sp-d16\libg_s.a(lib_a-msizer.o)
 .comment       0x00000000       0x2b c:/freescale/kds_2.0.0/toolchain/bin/../lib/gcc/arm-none-eabi/4.8.0/../../../../arm-none-eabi/lib/m4/fp/v4-sp-d16\libg_s.a(lib_a-reent.o)
 .comment       0x00000000       0x2b c:/freescale/kds_2.0.0/toolchain/bin/../lib/gcc/arm-none-eabi/4.8.0/m4/fp/v4-sp-d16/crtend.o

.debug_info     0x00000000     0x7919
 .debug_info    0x00000000      0xa5a ./Static_Code/System/CPU_Init.o
 .debug_info    0x00000a5a      0x816 ./Static_Code/System/Vectors.o
 .debug_info    0x00001270      0x26e ./Sources/Events.o
 .debug_info    0x000014de      0x33e ./Sources/main.o
 .debug_info    0x0000181c      0x498 ./Project_Settings/Startup_Code/startup.o
 .debug_info    0x00001cb4      0x2f6 ./Generated_Code/AD1.o
 .debug_info    0x00001faa      0x952 ./Generated_Code/AdcLdd1.o
 .debug_info    0x000028fc      0x521 ./Generated_Code/BitIoLdd1.o
 .debug_info    0x00002e1d      0x4fb ./Generated_Code/BitIoLdd2.o
 .debug_info    0x00003318      0x4fb ./Generated_Code/BitIoLdd3.o
 .debug_info    0x00003813       0xb8 ./Generated_Code/Cpu.o
 .debug_info    0x000038cb      0x521 ./Generated_Code/D_Cpin1.o
 .debug_info    0x00003dec       0xb2 ./Generated_Code/ENC_PB.o
 .debug_info    0x00003e9e       0xb2 ./Generated_Code/ENC_SW_1.o
 .debug_info    0x00003f50       0xb2 ./Generated_Code/ENC_SW_2.o
 .debug_info    0x00004002      0x5e6 ./Generated_Code/ExtIntLdd1.o
 .debug_info    0x000045e8      0x5e6 ./Generated_Code/ExtIntLdd2.o
 .debug_info    0x00004bce      0x5e6 ./Generated_Code/ExtIntLdd3.o
 .debug_info    0x000051b4      0x825 ./Generated_Code/PDC1.o
 .debug_info    0x000059d9      0x23b ./Generated_Code/PE_LDD.o
 .debug_info    0x00005c14      0x521 ./Generated_Code/RESpin1.o
 .debug_info    0x00006135      0x521 ./Generated_Code/SCEpin1.o
 .debug_info    0x00006656      0x830 ./Generated_Code/SM1.o
 .debug_info    0x00006e86       0xb2 ./Generated_Code/TI1_SW.o
 .debug_info    0x00006f38      0x6b6 ./Generated_Code/TU1.o
 .debug_info    0x000075ee      0x1f9 ./Generated_Code/TimerIntLdd1.o
 .debug_info    0x000077e7      0x132 ./Generated_Code/WAIT1.o

.debug_abbrev   0x00000000     0x2055
 .debug_abbrev  0x00000000      0x1bd ./Static_Code/System/CPU_Init.o
 .debug_abbrev  0x000001bd       0xd6 ./Static_Code/System/Vectors.o
 .debug_abbrev  0x00000293      0x135 ./Sources/Events.o
 .debug_abbrev  0x000003c8       0xdc ./Sources/main.o
 .debug_abbrev  0x000004a4      0x1a1 ./Project_Settings/Startup_Code/startup.o
 .debug_abbrev  0x00000645      0x189 ./Generated_Code/AD1.o
 .debug_abbrev  0x000007ce      0x1b4 ./Generated_Code/AdcLdd1.o
 .debug_abbrev  0x00000982      0x186 ./Generated_Code/BitIoLdd1.o
 .debug_abbrev  0x00000b08      0x15d ./Generated_Code/BitIoLdd2.o
 .debug_abbrev  0x00000c65      0x15d ./Generated_Code/BitIoLdd3.o
 .debug_abbrev  0x00000dc2       0x45 ./Generated_Code/Cpu.o
 .debug_abbrev  0x00000e07      0x186 ./Generated_Code/D_Cpin1.o
 .debug_abbrev  0x00000f8d       0x68 ./Generated_Code/ENC_PB.o
 .debug_abbrev  0x00000ff5       0x68 ./Generated_Code/ENC_SW_1.o
 .debug_abbrev  0x0000105d       0x68 ./Generated_Code/ENC_SW_2.o
 .debug_abbrev  0x000010c5      0x15d ./Generated_Code/ExtIntLdd1.o
 .debug_abbrev  0x00001222      0x15d ./Generated_Code/ExtIntLdd2.o
 .debug_abbrev  0x0000137f      0x15d ./Generated_Code/ExtIntLdd3.o
 .debug_abbrev  0x000014dc      0x203 ./Generated_Code/PDC1.o
 .debug_abbrev  0x000016df      0x10d ./Generated_Code/PE_LDD.o
 .debug_abbrev  0x000017ec      0x186 ./Generated_Code/RESpin1.o
 .debug_abbrev  0x00001972      0x186 ./Generated_Code/SCEpin1.o
 .debug_abbrev  0x00001af8      0x1c3 ./Generated_Code/SM1.o
 .debug_abbrev  0x00001cbb       0x68 ./Generated_Code/TI1_SW.o
 .debug_abbrev  0x00001d23      0x1a4 ./Generated_Code/TU1.o
 .debug_abbrev  0x00001ec7       0xdd ./Generated_Code/TimerIntLdd1.o
 .debug_abbrev  0x00001fa4       0xb1 ./Generated_Code/WAIT1.o

.debug_aranges  0x00000000      0xa28
 .debug_aranges
                0x00000000       0x40 ./Static_Code/System/CPU_Init.o
 .debug_aranges
                0x00000040      0x340 ./Static_Code/System/Vectors.o
 .debug_aranges
                0x00000380       0x60 ./Sources/Events.o
 .debug_aranges
                0x000003e0       0x48 ./Sources/main.o
 .debug_aranges
                0x00000428       0x60 ./Project_Settings/Startup_Code/startup.o
 .debug_aranges
                0x00000488       0x60 ./Generated_Code/AD1.o
 .debug_aranges
                0x000004e8       0x60 ./Generated_Code/AdcLdd1.o
 .debug_aranges
                0x00000548       0x48 ./Generated_Code/BitIoLdd1.o
 .debug_aranges
                0x00000590       0x40 ./Generated_Code/BitIoLdd2.o
 .debug_aranges
                0x000005d0       0x40 ./Generated_Code/BitIoLdd3.o
 .debug_aranges
                0x00000610       0x30 ./Generated_Code/Cpu.o
 .debug_aranges
                0x00000640       0x48 ./Generated_Code/D_Cpin1.o
 .debug_aranges
                0x00000688       0x20 ./Generated_Code/ENC_PB.o
 .debug_aranges
                0x000006a8       0x20 ./Generated_Code/ENC_SW_1.o
 .debug_aranges
                0x000006c8       0x20 ./Generated_Code/ENC_SW_2.o
 .debug_aranges
                0x000006e8       0x30 ./Generated_Code/ExtIntLdd1.o
 .debug_aranges
                0x00000718       0x30 ./Generated_Code/ExtIntLdd2.o
 .debug_aranges
                0x00000748       0x30 ./Generated_Code/ExtIntLdd3.o
 .debug_aranges
                0x00000778       0xe8 ./Generated_Code/PDC1.o
 .debug_aranges
                0x00000860       0x30 ./Generated_Code/PE_LDD.o
 .debug_aranges
                0x00000890       0x48 ./Generated_Code/RESpin1.o
 .debug_aranges
                0x000008d8       0x48 ./Generated_Code/SCEpin1.o
 .debug_aranges
                0x00000920       0x38 ./Generated_Code/SM1.o
 .debug_aranges
                0x00000958       0x20 ./Generated_Code/TI1_SW.o
 .debug_aranges
                0x00000978       0x38 ./Generated_Code/TU1.o
 .debug_aranges
                0x000009b0       0x38 ./Generated_Code/TimerIntLdd1.o
 .debug_aranges
                0x000009e8       0x40 ./Generated_Code/WAIT1.o

.debug_ranges   0x00000000      0x878
 .debug_ranges  0x00000000       0x30 ./Static_Code/System/CPU_Init.o
 .debug_ranges  0x00000030      0x330 ./Static_Code/System/Vectors.o
 .debug_ranges  0x00000360       0x50 ./Sources/Events.o
 .debug_ranges  0x000003b0       0x38 ./Sources/main.o
 .debug_ranges  0x000003e8       0x50 ./Project_Settings/Startup_Code/startup.o
 .debug_ranges  0x00000438       0x50 ./Generated_Code/AD1.o
 .debug_ranges  0x00000488       0x50 ./Generated_Code/AdcLdd1.o
 .debug_ranges  0x000004d8       0x38 ./Generated_Code/BitIoLdd1.o
 .debug_ranges  0x00000510       0x30 ./Generated_Code/BitIoLdd2.o
 .debug_ranges  0x00000540       0x30 ./Generated_Code/BitIoLdd3.o
 .debug_ranges  0x00000570       0x20 ./Generated_Code/Cpu.o
 .debug_ranges  0x00000590       0x38 ./Generated_Code/D_Cpin1.o
 .debug_ranges  0x000005c8       0x10 ./Generated_Code/ENC_PB.o
 .debug_ranges  0x000005d8       0x10 ./Generated_Code/ENC_SW_1.o
 .debug_ranges  0x000005e8       0x10 ./Generated_Code/ENC_SW_2.o
 .debug_ranges  0x000005f8       0x20 ./Generated_Code/ExtIntLdd1.o
 .debug_ranges  0x00000618       0x20 ./Generated_Code/ExtIntLdd2.o
 .debug_ranges  0x00000638       0x20 ./Generated_Code/ExtIntLdd3.o
 .debug_ranges  0x00000658       0xd8 ./Generated_Code/PDC1.o
 .debug_ranges  0x00000730       0x20 ./Generated_Code/PE_LDD.o
 .debug_ranges  0x00000750       0x38 ./Generated_Code/RESpin1.o
 .debug_ranges  0x00000788       0x38 ./Generated_Code/SCEpin1.o
 .debug_ranges  0x000007c0       0x28 ./Generated_Code/SM1.o
 .debug_ranges  0x000007e8       0x10 ./Generated_Code/TI1_SW.o
 .debug_ranges  0x000007f8       0x28 ./Generated_Code/TU1.o
 .debug_ranges  0x00000820       0x28 ./Generated_Code/TimerIntLdd1.o
 .debug_ranges  0x00000848       0x30 ./Generated_Code/WAIT1.o

.debug_macro    0x00000000    0x32ca1
 .debug_macro   0x00000000      0x2ce ./Static_Code/System/CPU_Init.o
 .debug_macro   0x000002ce      0x850 ./Static_Code/System/CPU_Init.o
 .debug_macro   0x00000b1e      0x214 ./Static_Code/System/CPU_Init.o
 .debug_macro   0x00000d32     0x17c9 ./Static_Code/System/CPU_Init.o
 .debug_macro   0x000024fb    0x10f7a ./Static_Code/System/CPU_Init.o
 .debug_macro   0x00013475      0x472 ./Static_Code/System/CPU_Init.o
 .debug_macro   0x000138e7      0x14e ./Static_Code/System/CPU_Init.o
 .debug_macro   0x00013a35       0x6a ./Static_Code/System/CPU_Init.o
 .debug_macro   0x00013a9f       0x2e ./Static_Code/System/CPU_Init.o
 .debug_macro   0x00013acd       0x2e ./Static_Code/System/CPU_Init.o
 .debug_macro   0x00013afb       0x95 ./Static_Code/System/CPU_Init.o
 .debug_macro   0x00013b90       0x16 ./Static_Code/System/CPU_Init.o
 .debug_macro   0x00013ba6       0x94 ./Static_Code/System/CPU_Init.o
 .debug_macro   0x00013c3a      0x12b ./Static_Code/System/CPU_Init.o
 .debug_macro   0x00013d65       0x40 ./Static_Code/System/CPU_Init.o
 .debug_macro   0x00013da5       0x46 ./Static_Code/System/CPU_Init.o
 .debug_macro   0x00013deb       0x46 ./Static_Code/System/CPU_Init.o
 .debug_macro   0x00013e31      0x648 ./Static_Code/System/CPU_Init.o
 .debug_macro   0x00014479       0x43 ./Static_Code/System/CPU_Init.o
 .debug_macro   0x000144bc       0x37 ./Static_Code/System/CPU_Init.o
 .debug_macro   0x000144f3       0xc8 ./Static_Code/System/CPU_Init.o
 .debug_macro   0x000145bb       0x4c ./Static_Code/System/CPU_Init.o
 .debug_macro   0x00014607       0x27 ./Static_Code/System/CPU_Init.o
 .debug_macro   0x0001462e       0x46 ./Static_Code/System/CPU_Init.o
 .debug_macro   0x00014674       0x20 ./Static_Code/System/CPU_Init.o
 .debug_macro   0x00014694       0x46 ./Static_Code/System/CPU_Init.o
 .debug_macro   0x000146da       0x20 ./Static_Code/System/CPU_Init.o
 .debug_macro   0x000146fa      0x4e9 ./Static_Code/System/CPU_Init.o
 .debug_macro   0x00014be3       0x2e ./Static_Code/System/CPU_Init.o
 .debug_macro   0x00014c11       0x34 ./Static_Code/System/CPU_Init.o
 .debug_macro   0x00014c45       0x34 ./Static_Code/System/CPU_Init.o
 .debug_macro   0x00014c79      0x6a6 ./Static_Code/System/CPU_Init.o
 .debug_macro   0x0001531f       0x59 ./Static_Code/System/CPU_Init.o
 .debug_macro   0x00015378       0x28 ./Static_Code/System/CPU_Init.o
 .debug_macro   0x000153a0       0x12 ./Static_Code/System/CPU_Init.o
 .debug_macro   0x000153b2      0x61c ./Static_Code/System/CPU_Init.o
 .debug_macro   0x000159ce       0x7b ./Static_Code/System/CPU_Init.o
 .debug_macro   0x00015a49       0x10 ./Static_Code/System/CPU_Init.o
 .debug_macro   0x00015a59      0x2a8 ./Static_Code/System/CPU_Init.o
 .debug_macro   0x00015d01      0x2bc ./Static_Code/System/Vectors.o
 .debug_macro   0x00015fbd      0x3b2 ./Sources/Events.o
 .debug_macro   0x0001636f      0x626 ./Sources/Events.o
 .debug_macro   0x00016995      0x327 ./Sources/Events.o
 .debug_macro   0x00016cbc      0x1e8 ./Sources/Events.o
 .debug_macro   0x00016ea4      0x109 ./Sources/Events.o
 .debug_macro   0x00016fad      0x17e ./Sources/Events.o
 .debug_macro   0x0001712b      0x200 ./Sources/Events.o
 .debug_macro   0x0001732b      0x91e ./Sources/Events.o
 .debug_macro   0x00017c49      0x588 ./Sources/Events.o
 .debug_macro   0x000181d1       0x9e ./Sources/Events.o
 .debug_macro   0x0001826f      0x1f7 ./Sources/Events.o
 .debug_macro   0x00018466      0x50f ./Sources/Events.o
 .debug_macro   0x00018975      0x297 ./Sources/Events.o
 .debug_macro   0x00018c0c      0x318 ./Sources/Events.o
 .debug_macro   0x00018f24      0x25a ./Sources/Events.o
 .debug_macro   0x0001917e      0x13d ./Sources/Events.o
 .debug_macro   0x000192bb      0x30b ./Sources/Events.o
 .debug_macro   0x000195c6       0xba ./Sources/Events.o
 .debug_macro   0x00019680       0xe9 ./Sources/Events.o
 .debug_macro   0x00019769      0x191 ./Sources/Events.o
 .debug_macro   0x000198fa       0xea ./Sources/Events.o
 .debug_macro   0x000199e4      0x348 ./Sources/Events.o
 .debug_macro   0x00019d2c      0x7d6 ./Sources/Events.o
 .debug_macro   0x0001a502      0x179 ./Sources/Events.o
 .debug_macro   0x0001a67b      0x645 ./Sources/Events.o
 .debug_macro   0x0001acc0      0x8d8 ./Sources/Events.o
 .debug_macro   0x0001b598      0x11c ./Sources/Events.o
 .debug_macro   0x0001b6b4       0x81 ./Sources/Events.o
 .debug_macro   0x0001b735      0x7bf ./Sources/Events.o
 .debug_macro   0x0001bef4      0x10f ./Sources/Events.o
 .debug_macro   0x0001c003      0x614 ./Sources/Events.o
 .debug_macro   0x0001c617      0x181 ./Sources/Events.o
 .debug_macro   0x0001c798      0x4c5 ./Sources/main.o
 .debug_macro   0x0001cc5d       0x10 ./Sources/main.o
 .debug_macro   0x0001cc6d       0x89 ./Sources/main.o
 .debug_macro   0x0001ccf6       0x10 ./Sources/main.o
 .debug_macro   0x0001cd06       0x3a ./Sources/main.o
 .debug_macro   0x0001cd40       0x52 ./Sources/main.o
 .debug_macro   0x0001cd92       0x19 ./Sources/main.o
 .debug_macro   0x0001cdab      0x16d ./Sources/main.o
 .debug_macro   0x0001cf18       0x10 ./Sources/main.o
 .debug_macro   0x0001cf28       0xef ./Sources/main.o
 .debug_macro   0x0001d017       0x22 ./Sources/main.o
 .debug_macro   0x0001d039       0x91 ./Sources/main.o
 .debug_macro   0x0001d0ca       0x16 ./Sources/main.o
 .debug_macro   0x0001d0e0      0x14a ./Sources/main.o
 .debug_macro   0x0001d22a       0x10 ./Sources/main.o
 .debug_macro   0x0001d23a       0x35 ./Sources/main.o
 .debug_macro   0x0001d26f       0x1c ./Sources/main.o
 .debug_macro   0x0001d28b       0xd7 ./Sources/main.o
 .debug_macro   0x0001d362     0x17c3 ./Sources/main.o
 .debug_macro   0x0001eb25      0x119 ./Project_Settings/Startup_Code/startup.o
 .debug_macro   0x0001ec3e       0x89 ./Project_Settings/Startup_Code/startup.o
 .debug_macro   0x0001ecc7       0x10 ./Project_Settings/Startup_Code/startup.o
 .debug_macro   0x0001ecd7    0x10f6e ./Project_Settings/Startup_Code/startup.o
 .debug_macro   0x0002fc45      0x29d ./Generated_Code/AD1.o
 .debug_macro   0x0002fee2      0x113 ./Generated_Code/AdcLdd1.o
 .debug_macro   0x0002fff5      0x616 ./Generated_Code/AdcLdd1.o
 .debug_macro   0x0003060b       0xe6 ./Generated_Code/BitIoLdd1.o
 .debug_macro   0x000306f1       0x46 ./Generated_Code/BitIoLdd1.o
 .debug_macro   0x00030737       0xe6 ./Generated_Code/BitIoLdd2.o
 .debug_macro   0x0003081d       0x40 ./Generated_Code/BitIoLdd2.o
 .debug_macro   0x0003085d       0xe6 ./Generated_Code/BitIoLdd3.o
 .debug_macro   0x00030943       0x40 ./Generated_Code/BitIoLdd3.o
 .debug_macro   0x00030983      0x29d ./Generated_Code/Cpu.o
 .debug_macro   0x00030c20       0xe6 ./Generated_Code/D_Cpin1.o
 .debug_macro   0x00030d06       0x40 ./Generated_Code/D_Cpin1.o
 .debug_macro   0x00030d46      0x27f ./Generated_Code/ENC_PB.o
 .debug_macro   0x00030fc5      0x27f ./Generated_Code/ENC_SW_1.o
 .debug_macro   0x00031244      0x27f ./Generated_Code/ENC_SW_2.o
 .debug_macro   0x000314c3       0xff ./Generated_Code/ExtIntLdd1.o
 .debug_macro   0x000315c2       0xff ./Generated_Code/ExtIntLdd2.o
 .debug_macro   0x000316c1       0x2e ./Generated_Code/ExtIntLdd2.o
 .debug_macro   0x000316ef       0xff ./Generated_Code/ExtIntLdd3.o
 .debug_macro   0x000317ee       0x2e ./Generated_Code/ExtIntLdd3.o
 .debug_macro   0x0003181c      0x192 ./Generated_Code/PDC1.o
 .debug_macro   0x000319ae      0x233 ./Generated_Code/PE_LDD.o
 .debug_macro   0x00031be1       0xe6 ./Generated_Code/RESpin1.o
 .debug_macro   0x00031cc7       0xe6 ./Generated_Code/SCEpin1.o
 .debug_macro   0x00031dad       0x40 ./Generated_Code/SCEpin1.o
 .debug_macro   0x00031ded      0x291 ./Generated_Code/SM1.o
 .debug_macro   0x0003207e      0x27f ./Generated_Code/TI1_SW.o
 .debug_macro   0x000322fd       0xfb ./Generated_Code/TU1.o
 .debug_macro   0x000323f8      0x6a0 ./Generated_Code/TU1.o
 .debug_macro   0x00032a98      0x10a ./Generated_Code/TimerIntLdd1.o
 .debug_macro   0x00032ba2       0xce ./Generated_Code/WAIT1.o
 .debug_macro   0x00032c70       0x31 ./Generated_Code/WAIT1.o

.debug_line     0x00000000     0x86cd
 .debug_line    0x00000000      0x65d ./Static_Code/System/CPU_Init.o
 .debug_line    0x0000065d      0xc03 ./Static_Code/System/Vectors.o
 .debug_line    0x00001260      0x743 ./Sources/Events.o
 .debug_line    0x000019a3      0x7f4 ./Sources/main.o
 .debug_line    0x00002197      0x3d9 ./Project_Settings/Startup_Code/startup.o
 .debug_line    0x00002570      0x5da ./Generated_Code/AD1.o
 .debug_line    0x00002b4a      0x46b ./Generated_Code/AdcLdd1.o
 .debug_line    0x00002fb5      0x3be ./Generated_Code/BitIoLdd1.o
 .debug_line    0x00003373      0x3ac ./Generated_Code/BitIoLdd2.o
 .debug_line    0x0000371f      0x3ac ./Generated_Code/BitIoLdd3.o
 .debug_line    0x00003acb      0x572 ./Generated_Code/Cpu.o
 .debug_line    0x0000403d      0x3bb ./Generated_Code/D_Cpin1.o
 .debug_line    0x000043f8      0x4f3 ./Generated_Code/ENC_PB.o
 .debug_line    0x000048eb      0x4f7 ./Generated_Code/ENC_SW_1.o
 .debug_line    0x00004de2      0x4f7 ./Generated_Code/ENC_SW_2.o
 .debug_line    0x000052d9      0x3ab ./Generated_Code/ExtIntLdd1.o
 .debug_line    0x00005684      0x3ab ./Generated_Code/ExtIntLdd2.o
 .debug_line    0x00005a2f      0x3a7 ./Generated_Code/ExtIntLdd3.o
 .debug_line    0x00005dd6      0x73f ./Generated_Code/PDC1.o
 .debug_line    0x00006515      0x4e7 ./Generated_Code/PE_LDD.o
 .debug_line    0x000069fc      0x3bb ./Generated_Code/RESpin1.o
 .debug_line    0x00006db7      0x3bb ./Generated_Code/SCEpin1.o
 .debug_line    0x00007172      0x591 ./Generated_Code/SM1.o
 .debug_line    0x00007703      0x4f3 ./Generated_Code/TI1_SW.o
 .debug_line    0x00007bf6      0x3c2 ./Generated_Code/TU1.o
 .debug_line    0x00007fb8      0x3ba ./Generated_Code/TimerIntLdd1.o
 .debug_line    0x00008372      0x35b ./Generated_Code/WAIT1.o

.debug_str      0x00000000    0xe5ee8
 .debug_str     0x00000000    0x8346e ./Static_Code/System/CPU_Init.o
                              0x835d8 (size before relaxing)
 .debug_str     0x0008346e      0x9c3 ./Static_Code/System/Vectors.o
                              0x83a2c (size before relaxing)
 .debug_str     0x00083e31    0x5dcf1 ./Sources/Events.o
                              0xdfd00 (size before relaxing)
 .debug_str     0x000e1b22     0x2a11 ./Sources/main.o
                              0xe2688 (size before relaxing)
 .debug_str     0x000e4533      0x16f ./Project_Settings/Startup_Code/startup.o
                              0x6231b (size before relaxing)
 .debug_str     0x000e46a2      0x162 ./Generated_Code/AD1.o
                              0x821e7 (size before relaxing)
 .debug_str     0x000e4804      0x3a5 ./Generated_Code/AdcLdd1.o
                              0x6e983 (size before relaxing)
 .debug_str     0x000e4ba9       0xf3 ./Generated_Code/BitIoLdd1.o
                              0x6a348 (size before relaxing)
 .debug_str     0x000e4c9c       0xa0 ./Generated_Code/BitIoLdd2.o
                              0x6a316 (size before relaxing)
 .debug_str     0x000e4d3c       0xa0 ./Generated_Code/BitIoLdd3.o
                              0x6a316 (size before relaxing)
 .debug_str     0x000e4ddc       0x28 ./Generated_Code/Cpu.o
                              0x8208d (size before relaxing)
 .debug_str     0x000e4e04       0x9f ./Generated_Code/D_Cpin1.o
                              0x6a2b7 (size before relaxing)
 .debug_str     0x000e4ea3       0x32 ./Generated_Code/ENC_PB.o
                              0x8207b (size before relaxing)
 .debug_str     0x000e4ed5       0x34 ./Generated_Code/ENC_SW_1.o
                              0x8207d (size before relaxing)
 .debug_str     0x000e4f09       0x34 ./Generated_Code/ENC_SW_2.o
                              0x8207d (size before relaxing)
 .debug_str     0x000e4f3d       0xa8 ./Generated_Code/ExtIntLdd1.o
                              0x6d829 (size before relaxing)
 .debug_str     0x000e4fe5       0x87 ./Generated_Code/ExtIntLdd2.o
                              0x6d829 (size before relaxing)
 .debug_str     0x000e506c       0x93 ./Generated_Code/ExtIntLdd3.o
                              0x6d825 (size before relaxing)
 .debug_str     0x000e50ff      0x600 ./Generated_Code/PDC1.o
                              0x70809 (size before relaxing)
 .debug_str     0x000e56ff      0x166 ./Generated_Code/PE_LDD.o
                              0x821f0 (size before relaxing)
 .debug_str     0x000e5865       0x9f ./Generated_Code/RESpin1.o
                              0x6a2b7 (size before relaxing)
 .debug_str     0x000e5904       0x9f ./Generated_Code/SCEpin1.o
                              0x6a2b7 (size before relaxing)
 .debug_str     0x000e59a3      0x217 ./Generated_Code/SM1.o
                              0x82491 (size before relaxing)
 .debug_str     0x000e5bba       0x34 ./Generated_Code/TI1_SW.o
                              0x8207d (size before relaxing)
 .debug_str     0x000e5bee      0x18f ./Generated_Code/TU1.o
                              0x729b1 (size before relaxing)
 .debug_str     0x000e5d7d       0xe7 ./Generated_Code/TimerIntLdd1.o
                              0x72853 (size before relaxing)
 .debug_str     0x000e5e64       0x84 ./Generated_Code/WAIT1.o
                              0x69582 (size before relaxing)

.debug_frame    0x00000000     0x1e74
 .debug_frame   0x00000000       0x9c ./Static_Code/System/CPU_Init.o
 .debug_frame   0x0000009c      0xcb0 ./Static_Code/System/Vectors.o
 .debug_frame   0x00000d4c       0xf8 ./Sources/Events.o
 .debug_frame   0x00000e44       0xb8 ./Sources/main.o
 .debug_frame   0x00000efc      0x108 ./Project_Settings/Startup_Code/startup.o
 .debug_frame   0x00001004      0x118 ./Generated_Code/AD1.o
 .debug_frame   0x0000111c      0x114 ./Generated_Code/AdcLdd1.o
 .debug_frame   0x00001230       0xb8 ./Generated_Code/BitIoLdd1.o
 .debug_frame   0x000012e8       0x9c ./Generated_Code/BitIoLdd2.o
 .debug_frame   0x00001384       0x9c ./Generated_Code/BitIoLdd3.o
 .debug_frame   0x00001420       0x74 ./Generated_Code/Cpu.o
 .debug_frame   0x00001494       0xb8 ./Generated_Code/D_Cpin1.o
 .debug_frame   0x0000154c       0x30 ./Generated_Code/ENC_PB.o
 .debug_frame   0x0000157c       0x30 ./Generated_Code/ENC_SW_1.o
 .debug_frame   0x000015ac       0x30 ./Generated_Code/ENC_SW_2.o
 .debug_frame   0x000015dc       0x68 ./Generated_Code/ExtIntLdd1.o
 .debug_frame   0x00001644       0x68 ./Generated_Code/ExtIntLdd2.o
 .debug_frame   0x000016ac       0x6c ./Generated_Code/ExtIntLdd3.o
 .debug_frame   0x00001718      0x328 ./Generated_Code/PDC1.o
 .debug_frame   0x00001a40       0x64 ./Generated_Code/PE_LDD.o
 .debug_frame   0x00001aa4       0xb8 ./Generated_Code/RESpin1.o
 .debug_frame   0x00001b5c       0xb8 ./Generated_Code/SCEpin1.o
 .debug_frame   0x00001c14       0x88 ./Generated_Code/SM1.o
 .debug_frame   0x00001c9c       0x30 ./Generated_Code/TI1_SW.o
 .debug_frame   0x00001ccc       0x88 ./Generated_Code/TU1.o
 .debug_frame   0x00001d54       0x90 ./Generated_Code/TimerIntLdd1.o
 .debug_frame   0x00001de4       0x90 ./Generated_Code/WAIT1.o
